Archive member included because of file (symbol)

../uart_rcv_bsp/\libhal_bsp.a(alt_irq_register.o)
                              obj/default/uart_rcv.o (alt_irq_register)
../uart_rcv_bsp/\libhal_bsp.a(alt_irq_vars.o)
                              ../uart_rcv_bsp/\libhal_bsp.a(alt_irq_register.o) (alt_irq_active)
../uart_rcv_bsp/\libhal_bsp.a(alt_main.o)
                              ../uart_rcv_bsp//obj/HAL/src/crt0.o (alt_main)
../uart_rcv_bsp/\libhal_bsp.a(alt_sys_init.o)
                              ../uart_rcv_bsp/\libhal_bsp.a(alt_main.o) (alt_sys_init)
../uart_rcv_bsp/\libhal_bsp.a(altera_avalon_epcs_flash_controller.o)
                              ../uart_rcv_bsp/\libhal_bsp.a(alt_sys_init.o) (alt_epcs_flash_get_info)
../uart_rcv_bsp/\libhal_bsp.a(altera_avalon_jtag_uart_fd.o)
                              ../uart_rcv_bsp/\libhal_bsp.a(alt_sys_init.o) (altera_avalon_jtag_uart_ioctl_fd)
../uart_rcv_bsp/\libhal_bsp.a(altera_avalon_jtag_uart_init.o)
                              ../uart_rcv_bsp/\libhal_bsp.a(altera_avalon_jtag_uart_fd.o) (altera_avalon_jtag_uart_close)
../uart_rcv_bsp/\libhal_bsp.a(altera_avalon_jtag_uart_ioctl.o)
                              ../uart_rcv_bsp/\libhal_bsp.a(altera_avalon_jtag_uart_fd.o) (altera_avalon_jtag_uart_ioctl)
../uart_rcv_bsp/\libhal_bsp.a(altera_avalon_jtag_uart_read.o)
                              ../uart_rcv_bsp/\libhal_bsp.a(altera_avalon_jtag_uart_fd.o) (altera_avalon_jtag_uart_read)
../uart_rcv_bsp/\libhal_bsp.a(altera_avalon_jtag_uart_write.o)
                              ../uart_rcv_bsp/\libhal_bsp.a(altera_avalon_jtag_uart_fd.o) (altera_avalon_jtag_uart_write)
../uart_rcv_bsp/\libhal_bsp.a(altera_avalon_uart_fd.o)
                              ../uart_rcv_bsp/\libhal_bsp.a(alt_sys_init.o) (altera_avalon_uart_close_fd)
../uart_rcv_bsp/\libhal_bsp.a(altera_avalon_uart_init.o)
                              ../uart_rcv_bsp/\libhal_bsp.a(altera_avalon_uart_fd.o) (altera_avalon_uart_close)
../uart_rcv_bsp/\libhal_bsp.a(altera_avalon_uart_read.o)
                              ../uart_rcv_bsp/\libhal_bsp.a(altera_avalon_uart_fd.o) (altera_avalon_uart_read)
../uart_rcv_bsp/\libhal_bsp.a(altera_avalon_uart_write.o)
                              ../uart_rcv_bsp/\libhal_bsp.a(altera_avalon_uart_fd.o) (altera_avalon_uart_write)
../uart_rcv_bsp/\libhal_bsp.a(epcs_commands.o)
                              ../uart_rcv_bsp/\libhal_bsp.a(altera_avalon_epcs_flash_controller.o) (epcs_read_device_id)
../uart_rcv_bsp/\libhal_bsp.a(alt_alarm_start.o)
                              ../uart_rcv_bsp/\libhal_bsp.a(altera_avalon_jtag_uart_init.o) (alt_alarm_start)
../uart_rcv_bsp/\libhal_bsp.a(alt_close.o)
                              ../uart_rcv_bsp/\libhal_bsp.a(alt_main.o) (close)
../uart_rcv_bsp/\libhal_bsp.a(alt_dev.o)
                              ../uart_rcv_bsp/\libhal_bsp.a(alt_sys_init.o) (alt_dev_list)
../uart_rcv_bsp/\libhal_bsp.a(alt_dev_llist_insert.o)
                              ../uart_rcv_bsp/\libhal_bsp.a(alt_sys_init.o) (alt_dev_llist_insert)
../uart_rcv_bsp/\libhal_bsp.a(alt_do_ctors.o)
                              ../uart_rcv_bsp/\libhal_bsp.a(alt_main.o) (_do_ctors)
../uart_rcv_bsp/\libhal_bsp.a(alt_do_dtors.o)
                              ../uart_rcv_bsp/\libhal_bsp.a(alt_main.o) (_do_dtors)
../uart_rcv_bsp/\libhal_bsp.a(alt_errno.o)
                              ../uart_rcv_bsp/\libhal_bsp.a(altera_avalon_uart_read.o) (alt_errno)
../uart_rcv_bsp/\libhal_bsp.a(alt_flash_dev.o)
                              ../uart_rcv_bsp/\libhal_bsp.a(altera_avalon_epcs_flash_controller.o) (alt_flash_dev_list)
../uart_rcv_bsp/\libhal_bsp.a(alt_iic.o)
                              ../uart_rcv_bsp/\libhal_bsp.a(altera_avalon_jtag_uart_init.o) (alt_ic_isr_register)
../uart_rcv_bsp/\libhal_bsp.a(alt_iic_isr_register.o)
                              ../uart_rcv_bsp/\libhal_bsp.a(alt_iic.o) (alt_iic_isr_register)
../uart_rcv_bsp/\libhal_bsp.a(alt_io_redirect.o)
                              ../uart_rcv_bsp/\libhal_bsp.a(alt_main.o) (alt_io_redirect)
../uart_rcv_bsp/\libhal_bsp.a(alt_irq_entry.o)
                              ../uart_rcv_bsp/\libhal_bsp.a(alt_irq_register.o) (alt_irq_entry)
../uart_rcv_bsp/\libhal_bsp.a(alt_irq_handler.o)
                              ../uart_rcv_bsp/\libhal_bsp.a(alt_irq_register.o) (alt_irq_handler)
../uart_rcv_bsp/\libhal_bsp.a(alt_open.o)
                              ../uart_rcv_bsp/\libhal_bsp.a(alt_io_redirect.o) (open)
../uart_rcv_bsp/\libhal_bsp.a(alt_release_fd.o)
                              ../uart_rcv_bsp/\libhal_bsp.a(alt_close.o) (alt_release_fd)
../uart_rcv_bsp/\libhal_bsp.a(alt_tick.o)
                              ../uart_rcv_bsp/\libhal_bsp.a(alt_alarm_start.o) (_alt_nticks)
../uart_rcv_bsp/\libhal_bsp.a(altera_nios2_qsys_irq.o)
                              ../uart_rcv_bsp/\libhal_bsp.a(alt_sys_init.o) (altera_nios2_qsys_irq_init)
../uart_rcv_bsp/\libhal_bsp.a(altera_avalon_spi.o)
                              ../uart_rcv_bsp/\libhal_bsp.a(epcs_commands.o) (alt_avalon_spi_command)
../uart_rcv_bsp/\libhal_bsp.a(alt_exception_entry.o)
                              ../uart_rcv_bsp/\libhal_bsp.a(alt_irq_entry.o) (alt_exception)
../uart_rcv_bsp/\libhal_bsp.a(alt_find_dev.o)
                              ../uart_rcv_bsp/\libhal_bsp.a(alt_flash_dev.o) (alt_find_dev)
../uart_rcv_bsp/\libhal_bsp.a(alt_find_file.o)
                              ../uart_rcv_bsp/\libhal_bsp.a(alt_open.o) (alt_find_file)
../uart_rcv_bsp/\libhal_bsp.a(alt_get_fd.o)
                              ../uart_rcv_bsp/\libhal_bsp.a(alt_open.o) (alt_get_fd)
d:/software/altera/12.1/nios2eds/bin/gnu/h-i686-mingw32/bin/../lib/gcc/nios2-elf/4.1.2/../../../../nios2-elf/lib\libc.a(lib_a-atexit.o)
                              ../uart_rcv_bsp/\libhal_bsp.a(alt_main.o) (atexit)
d:/software/altera/12.1/nios2eds/bin/gnu/h-i686-mingw32/bin/../lib/gcc/nios2-elf/4.1.2/../../../../nios2-elf/lib\libc.a(lib_a-exit.o)
                              ../uart_rcv_bsp/\libhal_bsp.a(alt_main.o) (exit)
d:/software/altera/12.1/nios2eds/bin/gnu/h-i686-mingw32/bin/../lib/gcc/nios2-elf/4.1.2/../../../../nios2-elf/lib\libc.a(lib_a-impure.o)
                              d:/software/altera/12.1/nios2eds/bin/gnu/h-i686-mingw32/bin/../lib/gcc/nios2-elf/4.1.2/../../../../nios2-elf/lib\libc.a(lib_a-exit.o) (_global_impure_ptr)
d:/software/altera/12.1/nios2eds/bin/gnu/h-i686-mingw32/bin/../lib/gcc/nios2-elf/4.1.2/../../../../nios2-elf/lib\libc.a(lib_a-int_errno.o)
                              ../uart_rcv_bsp/\libhal_bsp.a(altera_avalon_uart_read.o) (errno)
d:/software/altera/12.1/nios2eds/bin/gnu/h-i686-mingw32/bin/../lib/gcc/nios2-elf/4.1.2/../../../../nios2-elf/lib\libc.a(lib_a-memcmp.o)
                              ../uart_rcv_bsp/\libhal_bsp.a(altera_avalon_epcs_flash_controller.o) (memcmp)
d:/software/altera/12.1/nios2eds/bin/gnu/h-i686-mingw32/bin/../lib/gcc/nios2-elf/4.1.2/../../../../nios2-elf/lib\libc.a(lib_a-memcpy.o)
                              ../uart_rcv_bsp/\libhal_bsp.a(altera_avalon_jtag_uart_read.o) (memcpy)
d:/software/altera/12.1/nios2eds/bin/gnu/h-i686-mingw32/bin/../lib/gcc/nios2-elf/4.1.2/../../../../nios2-elf/lib\libc.a(lib_a-strlen.o)
                              ../uart_rcv_bsp/\libhal_bsp.a(alt_find_dev.o) (strlen)
d:/software/altera/12.1/nios2eds/bin/gnu/h-i686-mingw32/bin/../lib/gcc/nios2-elf/4.1.2/../../../../nios2-elf/lib\libc.a(lib_a-__atexit.o)
                              d:/software/altera/12.1/nios2eds/bin/gnu/h-i686-mingw32/bin/../lib/gcc/nios2-elf/4.1.2/../../../../nios2-elf/lib\libc.a(lib_a-atexit.o) (__register_exitproc)
d:/software/altera/12.1/nios2eds/bin/gnu/h-i686-mingw32/bin/../lib/gcc/nios2-elf/4.1.2/../../../../nios2-elf/lib\libc.a(lib_a-__call_atexit.o)
                              d:/software/altera/12.1/nios2eds/bin/gnu/h-i686-mingw32/bin/../lib/gcc/nios2-elf/4.1.2/../../../../nios2-elf/lib\libc.a(lib_a-exit.o) (__call_exitprocs)
../uart_rcv_bsp/\libhal_bsp.a(alt_exit.o)
                              d:/software/altera/12.1/nios2eds/bin/gnu/h-i686-mingw32/bin/../lib/gcc/nios2-elf/4.1.2/../../../../nios2-elf/lib\libc.a(lib_a-exit.o) (_exit)

Allocating common symbols
Common symbol       size              file

alt_irq             0x100             ../uart_rcv_bsp/\libhal_bsp.a(alt_irq_handler.o)
RxStart             0x1               obj/default/uart_rcv.o
errno               0x4               d:/software/altera/12.1/nios2eds/bin/gnu/h-i686-mingw32/bin/../lib/gcc/nios2-elf/4.1.2/../../../../nios2-elf/lib\libc.a(lib_a-int_errno.o)
send_data_l         0x4               obj/default/uart_rcv.o
rcv_data_h          0x1               obj/default/uart_rcv.o
RxPtr               0x1               obj/default/uart_rcv.o
i                   0x1               obj/default/uart_rcv.o
send_ptr            0x1               obj/default/uart_rcv.o
ReceBuf             0x5               obj/default/uart_rcv.o
_atexit0            0x190             d:/software/altera/12.1/nios2eds/bin/gnu/h-i686-mingw32/bin/../lib/gcc/nios2-elf/4.1.2/../../../../nios2-elf/lib\libc.a(lib_a-atexit.o)
rcv_data_l          0x4               obj/default/uart_rcv.o
tempRece            0x1               obj/default/uart_rcv.o
SendBuf             0x5               obj/default/uart_rcv.o
send_data_h         0x1               obj/default/uart_rcv.o
wr_flag             0x1               obj/default/uart_rcv.o
master              0x1               obj/default/uart_rcv.o

Memory Configuration

Name             Origin             Length             Attributes
RAM_BEFORE_EXCEPTION 0x00020000         0x00000020
RAM              0x00020020         0x00013fe0
reset            0x00041000         0x00000020
epcs_flash_controller_0 0x00041020         0x000007e0
*default*        0x00000000         0xffffffff

Linker script and memory map

LOAD ../uart_rcv_bsp//obj/HAL/src/crt0.o
LOAD obj/default/uart_rcv.o
LOAD d:/software/altera/12.1/nios2eds/bin/gnu/h-i686-mingw32/bin/../lib/gcc/nios2-elf/4.1.2/../../../../nios2-elf/lib\libstdc++.a
LOAD d:/software/altera/12.1/nios2eds/bin/gnu/h-i686-mingw32/bin/../lib/gcc/nios2-elf/4.1.2/../../../../nios2-elf/lib\libm.a
LOAD d:/software/altera/12.1/nios2eds/bin/gnu/h-i686-mingw32/bin/../lib/gcc/nios2-elf/4.1.2\libgcc.a
START GROUP
LOAD d:/software/altera/12.1/nios2eds/bin/gnu/h-i686-mingw32/bin/../lib/gcc/nios2-elf/4.1.2/../../../../nios2-elf/lib\libc.a
LOAD d:/software/altera/12.1/nios2eds/bin/gnu/h-i686-mingw32/bin/../lib/gcc/nios2-elf/4.1.2\libgcc.a
LOAD ../uart_rcv_bsp/\libhal_bsp.a
END GROUP
LOAD d:/software/altera/12.1/nios2eds/bin/gnu/h-i686-mingw32/bin/../lib/gcc/nios2-elf/4.1.2\libgcc.a
                0x00020000                __alt_mem_RAM = 0x20000
                0x00041000                __alt_mem_epcs_flash_controller_0 = 0x41000

.entry          0x00041000        0x0
 *(.entry)
 .entry         0x00041000        0x0 ../uart_rcv_bsp//obj/HAL/src/crt0.o
                0x00041000                __reset

.exceptions     0x00020020      0x120
                0x00020020                PROVIDE (__ram_exceptions_start, ABSOLUTE (.))
                0x00020020                . = ALIGN (0x20)
 *(.irq)
 *(.exceptions.entry.label)
 .exceptions.entry.label
                0x00020020        0x0 ../uart_rcv_bsp/\libhal_bsp.a(alt_irq_entry.o)
                0x00020020                alt_irq_entry
 .exceptions.entry.label
                0x00020020        0x0 ../uart_rcv_bsp/\libhal_bsp.a(alt_exception_entry.o)
                0x00020020                alt_exception
 *(.exceptions.entry.user)
 *(.exceptions.entry)
 .exceptions.entry
                0x00020020       0x54 ../uart_rcv_bsp/\libhal_bsp.a(alt_exception_entry.o)
 *(.exceptions.irqtest.user)
 *(.exceptions.irqtest)
 .exceptions.irqtest
                0x00020074       0x10 ../uart_rcv_bsp/\libhal_bsp.a(alt_irq_entry.o)
 *(.exceptions.irqhandler.user)
 *(.exceptions.irqhandler)
 .exceptions.irqhandler
                0x00020084        0x4 ../uart_rcv_bsp/\libhal_bsp.a(alt_irq_entry.o)
 *(.exceptions.irqreturn.user)
 *(.exceptions.irqreturn)
 .exceptions.irqreturn
                0x00020088        0x4 ../uart_rcv_bsp/\libhal_bsp.a(alt_irq_entry.o)
 *(.exceptions.notirq.label)
 .exceptions.notirq.label
                0x0002008c        0x0 ../uart_rcv_bsp/\libhal_bsp.a(alt_irq_entry.o)
 *(.exceptions.notirq.user)
 *(.exceptions.notirq)
 .exceptions.notirq
                0x0002008c        0x8 ../uart_rcv_bsp/\libhal_bsp.a(alt_exception_entry.o)
 *(.exceptions.soft.user)
 *(.exceptions.soft)
 *(.exceptions.unknown.user)
 *(.exceptions.unknown)
 .exceptions.unknown
                0x00020094        0x4 ../uart_rcv_bsp/\libhal_bsp.a(alt_exception_entry.o)
 *(.exceptions.exit.label)
 .exceptions.exit.label
                0x00020098        0x0 ../uart_rcv_bsp/\libhal_bsp.a(alt_irq_entry.o)
 .exceptions.exit.label
                0x00020098        0x0 ../uart_rcv_bsp/\libhal_bsp.a(alt_exception_entry.o)
 *(.exceptions.exit.user)
 *(.exceptions.exit)
 .exceptions.exit
                0x00020098       0x54 ../uart_rcv_bsp/\libhal_bsp.a(alt_exception_entry.o)
 *(.exceptions)
 .exceptions    0x000200ec       0x54 ../uart_rcv_bsp/\libhal_bsp.a(alt_irq_handler.o)
                0x000200ec                alt_irq_handler
                0x00020140                PROVIDE (__ram_exceptions_end, ABSOLUTE (.))
                0x00020020                PROVIDE (__flash_exceptions_start, LOADADDR (.exceptions))

.text           0x00020140     0x2758
                0x00020140                PROVIDE (stext, ABSOLUTE (.))
 *(.interp)
 *(.hash)
 *(.dynsym)
 *(.dynstr)
 *(.gnu.version)
 *(.gnu.version_d)
 *(.gnu.version_r)
 *(.rel.init)
 *(.rela.init)
 *(.rel.text .rel.text.* .rel.gnu.linkonce.t.*)
 *(.rela.text .rela.text.* .rela.gnu.linkonce.t.*)
 *(.rel.fini)
 *(.rela.fini)
 *(.rel.rodata .rel.rodata.* .rel.gnu.linkonce.r.*)
 *(.rela.rodata .rela.rodata.* .rela.gnu.linkonce.r.*)
 *(.rel.data .rel.data.* .rel.gnu.linkonce.d.*)
 *(.rela.data .rela.data.* .rela.gnu.linkonce.d.*)
 *(.rel.tdata .rel.tdata.* .rel.gnu.linkonce.td.*)
 *(.rela.tdata .rela.tdata.* .rela.gnu.linkonce.td.*)
 *(.rel.tbss .rel.tbss.* .rel.gnu.linkonce.tb.*)
 *(.rela.tbss .rela.tbss.* .rela.gnu.linkonce.tb.*)
 *(.rel.ctors)
 *(.rela.ctors)
 *(.rel.dtors)
 *(.rela.dtors)
 *(.rel.got)
 *(.rela.got)
 *(.rel.sdata .rel.sdata.* .rel.gnu.linkonce.s.*)
 *(.rela.sdata .rela.sdata.* .rela.gnu.linkonce.s.*)
 *(.rel.sbss .rel.sbss.* .rel.gnu.linkonce.sb.*)
 *(.rela.sbss .rela.sbss.* .rela.gnu.linkonce.sb.*)
 *(.rel.sdata2 .rel.sdata2.* .rel.gnu.linkonce.s2.*)
 *(.rela.sdata2 .rela.sdata2.* .rela.gnu.linkonce.s2.*)
 *(.rel.sbss2 .rel.sbss2.* .rel.gnu.linkonce.sb2.*)
 *(.rela.sbss2 .rela.sbss2.* .rela.gnu.linkonce.sb2.*)
 *(.rel.bss .rel.bss.* .rel.gnu.linkonce.b.*)
 *(.rela.bss .rela.bss.* .rela.gnu.linkonce.b.*)
 *(.rel.plt)
 *(.rela.plt)
 *(.rel.dyn)
 *(.init)
 *(.plt)
 *(.text .stub .text.* .gnu.linkonce.t.*)
 .text          0x00020140       0x48 ../uart_rcv_bsp//obj/HAL/src/crt0.o
                0x00020140                _start
 .text          0x00020188      0x358 obj/default/uart_rcv.o
                0x00020188                uart_init
                0x000201a8                main
                0x00020254                uart_rx_tx_isr
                0x0002040c                data_rcv_isr
 .text          0x000204e0       0xa0 ../uart_rcv_bsp/\libhal_bsp.a(alt_irq_register.o)
                0x000204e0                alt_irq_register
 .text          0x00020580        0x0 ../uart_rcv_bsp/\libhal_bsp.a(alt_irq_vars.o)
 .text          0x00020580       0x60 ../uart_rcv_bsp/\libhal_bsp.a(alt_main.o)
                0x00020580                alt_main
 .text          0x000205e0       0x90 ../uart_rcv_bsp/\libhal_bsp.a(alt_sys_init.o)
                0x000205ec                alt_sys_init
                0x00020650                alt_irq_init
 .text          0x00020670      0x53c ../uart_rcv_bsp/\libhal_bsp.a(altera_avalon_epcs_flash_controller.o)
                0x00020670                alt_epcs_flash_get_info
                0x000206d8                alt_epcs_flash_read
                0x00020754                alt_epcs_flash_write_block
                0x0002080c                alt_epcs_flash_erase_block
                0x00020860                alt_epcs_flash_write
                0x00020a10                alt_epcs_flash_init
 .text          0x00020bac       0x3c ../uart_rcv_bsp/\libhal_bsp.a(altera_avalon_jtag_uart_fd.o)
                0x00020bac                altera_avalon_jtag_uart_ioctl_fd
                0x00020bb8                altera_avalon_jtag_uart_close_fd
                0x00020bc8                altera_avalon_jtag_uart_write_fd
                0x00020bd8                altera_avalon_jtag_uart_read_fd
 .text          0x00020be8      0x1f0 ../uart_rcv_bsp/\libhal_bsp.a(altera_avalon_jtag_uart_init.o)
                0x00020be8                altera_avalon_jtag_uart_close
                0x00020c6c                altera_avalon_jtag_uart_init
 .text          0x00020dd8       0x7c ../uart_rcv_bsp/\libhal_bsp.a(altera_avalon_jtag_uart_ioctl.o)
                0x00020dd8                altera_avalon_jtag_uart_ioctl
 .text          0x00020e54      0x158 ../uart_rcv_bsp/\libhal_bsp.a(altera_avalon_jtag_uart_read.o)
                0x00020e54                altera_avalon_jtag_uart_read
 .text          0x00020fac      0x16c ../uart_rcv_bsp/\libhal_bsp.a(altera_avalon_jtag_uart_write.o)
                0x00020fac                altera_avalon_jtag_uart_write
 .text          0x00021118       0x30 ../uart_rcv_bsp/\libhal_bsp.a(altera_avalon_uart_fd.o)
                0x00021118                altera_avalon_uart_close_fd
                0x00021128                altera_avalon_uart_write_fd
                0x00021138                altera_avalon_uart_read_fd
 .text          0x00021148      0x198 ../uart_rcv_bsp/\libhal_bsp.a(altera_avalon_uart_init.o)
                0x00021148                altera_avalon_uart_close
                0x000212a0                altera_avalon_uart_init
 .text          0x000212e0      0x134 ../uart_rcv_bsp/\libhal_bsp.a(altera_avalon_uart_read.o)
                0x000212e0                altera_avalon_uart_read
 .text          0x00021414      0x104 ../uart_rcv_bsp/\libhal_bsp.a(altera_avalon_uart_write.o)
                0x00021414                altera_avalon_uart_write
 .text          0x00021518      0x53c ../uart_rcv_bsp/\libhal_bsp.a(epcs_commands.o)
                0x00021518                epcs_read_device_id
                0x0002157c                epcs_read_electronic_signature
                0x000215fc                epcs_write_enable
                0x00021634                epcs_exit_4_bytes_mode
                0x00021680                epcs_enter_4_bytes_mode
                0x000216cc                epcs_read_status_register
                0x00021744                epcs_write_buffer
                0x0002186c                epcs_write_status_register
                0x000218bc                epcs_read_buffer
                0x0002198c                epcs_sector_erase
 .text          0x00021a54       0x90 ../uart_rcv_bsp/\libhal_bsp.a(alt_alarm_start.o)
                0x00021a54                alt_alarm_start
 .text          0x00021ae4       0xb8 ../uart_rcv_bsp/\libhal_bsp.a(alt_close.o)
                0x00021b04                close
 .text          0x00021b9c        0x8 ../uart_rcv_bsp/\libhal_bsp.a(alt_dev.o)
 .text          0x00021ba4       0x70 ../uart_rcv_bsp/\libhal_bsp.a(alt_dev_llist_insert.o)
                0x00021ba4                alt_dev_llist_insert
 .text          0x00021c14       0x40 ../uart_rcv_bsp/\libhal_bsp.a(alt_do_ctors.o)
                0x00021c14                _do_ctors
 .text          0x00021c54       0x40 ../uart_rcv_bsp/\libhal_bsp.a(alt_do_dtors.o)
                0x00021c54                _do_dtors
 .text          0x00021c94        0x0 ../uart_rcv_bsp/\libhal_bsp.a(alt_errno.o)
 .text          0x00021c94       0x60 ../uart_rcv_bsp/\libhal_bsp.a(alt_flash_dev.o)
                0x00021c94                alt_flash_close_dev
                0x00021ca8                alt_flash_open_dev
 .text          0x00021cf4       0x9c ../uart_rcv_bsp/\libhal_bsp.a(alt_iic.o)
                0x00021cf4                alt_ic_irq_enabled
                0x00021d0c                alt_ic_irq_enable
                0x00021d4c                alt_ic_irq_disable
                0x00021d8c                alt_ic_isr_register
 .text          0x00021d90       0x6c ../uart_rcv_bsp/\libhal_bsp.a(alt_iic_isr_register.o)
                0x00021d90                alt_iic_isr_register
 .text          0x00021dfc       0xfc ../uart_rcv_bsp/\libhal_bsp.a(alt_io_redirect.o)
                0x00021e6c                alt_io_redirect
 .text          0x00021ef8        0x0 ../uart_rcv_bsp/\libhal_bsp.a(alt_irq_entry.o)
 .text          0x00021ef8        0x0 ../uart_rcv_bsp/\libhal_bsp.a(alt_irq_handler.o)
 .text          0x00021ef8      0x174 ../uart_rcv_bsp/\libhal_bsp.a(alt_open.o)
                0x00021ef8                open
 .text          0x0002206c       0x24 ../uart_rcv_bsp/\libhal_bsp.a(alt_release_fd.o)
                0x0002206c                alt_release_fd
 .text          0x00022090       0xe0 ../uart_rcv_bsp/\libhal_bsp.a(alt_tick.o)
                0x00022090                alt_alarm_stop
                0x000220c4                alt_tick
 .text          0x00022170        0x8 ../uart_rcv_bsp/\libhal_bsp.a(altera_nios2_qsys_irq.o)
                0x00022170                altera_nios2_qsys_irq_init
 .text          0x00022178       0xe4 ../uart_rcv_bsp/\libhal_bsp.a(altera_avalon_spi.o)
                0x00022178                alt_avalon_spi_command
 .text          0x0002225c        0x0 ../uart_rcv_bsp/\libhal_bsp.a(alt_exception_entry.o)
 .text          0x0002225c       0x70 ../uart_rcv_bsp/\libhal_bsp.a(alt_find_dev.o)
                0x0002225c                alt_find_dev
 .text          0x000222cc       0x9c ../uart_rcv_bsp/\libhal_bsp.a(alt_find_file.o)
                0x000222cc                alt_find_file
 .text          0x00022368       0x5c ../uart_rcv_bsp/\libhal_bsp.a(alt_get_fd.o)
                0x00022368                alt_get_fd
 .text          0x000223c4       0x14 d:/software/altera/12.1/nios2eds/bin/gnu/h-i686-mingw32/bin/../lib/gcc/nios2-elf/4.1.2/../../../../nios2-elf/lib\libc.a(lib_a-atexit.o)
                0x000223c4                atexit
 .text          0x000223d8       0x38 d:/software/altera/12.1/nios2eds/bin/gnu/h-i686-mingw32/bin/../lib/gcc/nios2-elf/4.1.2/../../../../nios2-elf/lib\libc.a(lib_a-exit.o)
                0x000223d8                exit
 .text          0x00022410        0x0 d:/software/altera/12.1/nios2eds/bin/gnu/h-i686-mingw32/bin/../lib/gcc/nios2-elf/4.1.2/../../../../nios2-elf/lib\libc.a(lib_a-impure.o)
 .text          0x00022410        0x0 d:/software/altera/12.1/nios2eds/bin/gnu/h-i686-mingw32/bin/../lib/gcc/nios2-elf/4.1.2/../../../../nios2-elf/lib\libc.a(lib_a-int_errno.o)
 .text          0x00022410       0x74 d:/software/altera/12.1/nios2eds/bin/gnu/h-i686-mingw32/bin/../lib/gcc/nios2-elf/4.1.2/../../../../nios2-elf/lib\libc.a(lib_a-memcmp.o)
                0x00022410                memcmp
 .text          0x00022484       0xa0 d:/software/altera/12.1/nios2eds/bin/gnu/h-i686-mingw32/bin/../lib/gcc/nios2-elf/4.1.2/../../../../nios2-elf/lib\libc.a(lib_a-memcpy.o)
                0x00022484                memcpy
 .text          0x00022524       0x74 d:/software/altera/12.1/nios2eds/bin/gnu/h-i686-mingw32/bin/../lib/gcc/nios2-elf/4.1.2/../../../../nios2-elf/lib\libc.a(lib_a-strlen.o)
                0x00022524                strlen
 .text          0x00022598      0x134 d:/software/altera/12.1/nios2eds/bin/gnu/h-i686-mingw32/bin/../lib/gcc/nios2-elf/4.1.2/../../../../nios2-elf/lib\libc.a(lib_a-__atexit.o)
                0x00022598                __register_exitproc
 .text          0x000226cc      0x1b4 d:/software/altera/12.1/nios2eds/bin/gnu/h-i686-mingw32/bin/../lib/gcc/nios2-elf/4.1.2/../../../../nios2-elf/lib\libc.a(lib_a-__call_atexit.o)
                0x000226d0                __call_exitprocs
 .text          0x00022880       0x14 ../uart_rcv_bsp/\libhal_bsp.a(alt_exit.o)
                0x00022880                _exit
 *(.gnu.warning.*)
 *(.fini)
                0x00022894                PROVIDE (__etext, ABSOLUTE (.))
                0x00022894                PROVIDE (_etext, ABSOLUTE (.))
                0x00022894                PROVIDE (etext, ABSOLUTE (.))
 *(.eh_frame_hdr)
                0x00022894                . = ALIGN (0x4)
                0x00022894                PROVIDE (__preinit_array_start, ABSOLUTE (.))
 *(.preinit_array)
                0x00022894                PROVIDE (__preinit_array_end, ABSOLUTE (.))
                0x00022894                PROVIDE (__init_array_start, ABSOLUTE (.))
 *(.init_array)
                0x00022894                PROVIDE (__init_array_end, ABSOLUTE (.))
                0x00022894                PROVIDE (__fini_array_start, ABSOLUTE (.))
 *(.fini_array)
                0x00022894                PROVIDE (__fini_array_end, ABSOLUTE (.))
 *(.eh_frame)
 *(.gcc_except_table)
 *(.dynamic)
                0x00022894                PROVIDE (__CTOR_LIST__, ABSOLUTE (.))
 *(.ctors)
 *(SORT(.ctors.*))
 .ctors.65535   0x00022894        0x4 d:/software/altera/12.1/nios2eds/bin/gnu/h-i686-mingw32/bin/../lib/gcc/nios2-elf/4.1.2/../../../../nios2-elf/lib\libc.a(lib_a-__call_atexit.o)
                0x00022898                PROVIDE (__CTOR_END__, ABSOLUTE (.))
                0x00022898                PROVIDE (__DTOR_LIST__, ABSOLUTE (.))
 *(.dtors)
 *(SORT(.dtors.*))
                0x00022898                PROVIDE (__DTOR_END__, ABSOLUTE (.))
 *(.jcr)
                0x00022898                . = ALIGN (0x4)

.rodata         0x00022898       0x4c
                0x00022898                PROVIDE (__ram_rodata_start, ABSOLUTE (.))
                0x00022898                . = ALIGN (0x4)
 *(.rodata .rodata.* .gnu.linkonce.r.*)
 .rodata.str1.4
                0x00022898        0xf ../uart_rcv_bsp/\libhal_bsp.a(alt_main.o)
                                 0x10 (size before relaxing)
 *fill*         0x000228a7        0x1 00
 .rodata.str1.4
                0x000228a8       0x2a ../uart_rcv_bsp/\libhal_bsp.a(alt_sys_init.o)
                                 0x3c (size before relaxing)
 *fill*         0x000228d2        0x2 00
 .rodata.str1.4
                0x000228d4        0xa ../uart_rcv_bsp/\libhal_bsp.a(alt_dev.o)
                                  0xc (size before relaxing)
 *fill*         0x000228de        0x2 00
 .rodata.str1.4
                0x000228e0        0x4 d:/software/altera/12.1/nios2eds/bin/gnu/h-i686-mingw32/bin/../lib/gcc/nios2-elf/4.1.2/../../../../nios2-elf/lib\libc.a(lib_a-impure.o)
 *(.rodata1)
                0x000228e4                . = ALIGN (0x4)
                0x000228e4                PROVIDE (__ram_rodata_end, ABSOLUTE (.))
                0x00022898                PROVIDE (__flash_rodata_start, LOADADDR (.rodata))

.rwdata         0x000228e4     0x17cc
                0x000228e4                PROVIDE (__ram_rwdata_start, ABSOLUTE (.))
                0x000228e4                . = ALIGN (0x4)
 *(.got.plt)
 *(.got)
 *(.data1)
 *(.data .data.* .gnu.linkonce.d.*)
 .data          0x000228e4        0x0 ../uart_rcv_bsp//obj/HAL/src/crt0.o
 .data          0x000228e4        0x0 obj/default/uart_rcv.o
 .data          0x000228e4        0x0 ../uart_rcv_bsp/\libhal_bsp.a(alt_irq_register.o)
 .data          0x000228e4        0x0 ../uart_rcv_bsp/\libhal_bsp.a(alt_irq_vars.o)
 .data          0x000228e4        0x0 ../uart_rcv_bsp/\libhal_bsp.a(alt_main.o)
 .data          0x000228e4     0x11ec ../uart_rcv_bsp/\libhal_bsp.a(alt_sys_init.o)
 .data          0x00023ad0        0x0 ../uart_rcv_bsp/\libhal_bsp.a(altera_avalon_epcs_flash_controller.o)
 .data          0x00023ad0        0x0 ../uart_rcv_bsp/\libhal_bsp.a(altera_avalon_jtag_uart_fd.o)
 .data          0x00023ad0        0x0 ../uart_rcv_bsp/\libhal_bsp.a(altera_avalon_jtag_uart_init.o)
 .data          0x00023ad0        0x0 ../uart_rcv_bsp/\libhal_bsp.a(altera_avalon_jtag_uart_ioctl.o)
 .data          0x00023ad0        0x0 ../uart_rcv_bsp/\libhal_bsp.a(altera_avalon_jtag_uart_read.o)
 .data          0x00023ad0        0x0 ../uart_rcv_bsp/\libhal_bsp.a(altera_avalon_jtag_uart_write.o)
 .data          0x00023ad0        0x0 ../uart_rcv_bsp/\libhal_bsp.a(altera_avalon_uart_fd.o)
 .data          0x00023ad0        0x0 ../uart_rcv_bsp/\libhal_bsp.a(altera_avalon_uart_init.o)
 .data          0x00023ad0        0x0 ../uart_rcv_bsp/\libhal_bsp.a(altera_avalon_uart_read.o)
 .data          0x00023ad0        0x0 ../uart_rcv_bsp/\libhal_bsp.a(altera_avalon_uart_write.o)
 .data          0x00023ad0        0x0 ../uart_rcv_bsp/\libhal_bsp.a(epcs_commands.o)
 .data          0x00023ad0        0x0 ../uart_rcv_bsp/\libhal_bsp.a(alt_alarm_start.o)
 .data          0x00023ad0        0x0 ../uart_rcv_bsp/\libhal_bsp.a(alt_close.o)
 .data          0x00023ad0      0x1a8 ../uart_rcv_bsp/\libhal_bsp.a(alt_dev.o)
                0x00023ad0                alt_dev_null
                0x00023af8                alt_fd_list
 .data          0x00023c78        0x0 ../uart_rcv_bsp/\libhal_bsp.a(alt_dev_llist_insert.o)
 .data          0x00023c78        0x0 ../uart_rcv_bsp/\libhal_bsp.a(alt_do_ctors.o)
 .data          0x00023c78        0x0 ../uart_rcv_bsp/\libhal_bsp.a(alt_do_dtors.o)
 .data          0x00023c78        0x0 ../uart_rcv_bsp/\libhal_bsp.a(alt_errno.o)
 .data          0x00023c78        0x0 ../uart_rcv_bsp/\libhal_bsp.a(alt_flash_dev.o)
 .data          0x00023c78        0x0 ../uart_rcv_bsp/\libhal_bsp.a(alt_iic.o)
 .data          0x00023c78        0x0 ../uart_rcv_bsp/\libhal_bsp.a(alt_iic_isr_register.o)
 .data          0x00023c78        0x0 ../uart_rcv_bsp/\libhal_bsp.a(alt_io_redirect.o)
 .data          0x00023c78        0x0 ../uart_rcv_bsp/\libhal_bsp.a(alt_irq_entry.o)
 .data          0x00023c78        0x0 ../uart_rcv_bsp/\libhal_bsp.a(alt_irq_handler.o)
 .data          0x00023c78        0x0 ../uart_rcv_bsp/\libhal_bsp.a(alt_open.o)
 .data          0x00023c78        0x0 ../uart_rcv_bsp/\libhal_bsp.a(alt_release_fd.o)
 .data          0x00023c78        0x0 ../uart_rcv_bsp/\libhal_bsp.a(alt_tick.o)
 .data          0x00023c78        0x0 ../uart_rcv_bsp/\libhal_bsp.a(altera_nios2_qsys_irq.o)
 .data          0x00023c78        0x0 ../uart_rcv_bsp/\libhal_bsp.a(altera_avalon_spi.o)
 .data          0x00023c78        0x0 ../uart_rcv_bsp/\libhal_bsp.a(alt_exception_entry.o)
 .data          0x00023c78        0x0 ../uart_rcv_bsp/\libhal_bsp.a(alt_find_dev.o)
 .data          0x00023c78        0x0 ../uart_rcv_bsp/\libhal_bsp.a(alt_find_file.o)
 .data          0x00023c78        0x0 ../uart_rcv_bsp/\libhal_bsp.a(alt_get_fd.o)
 .data          0x00023c78        0x0 d:/software/altera/12.1/nios2eds/bin/gnu/h-i686-mingw32/bin/../lib/gcc/nios2-elf/4.1.2/../../../../nios2-elf/lib\libc.a(lib_a-atexit.o)
 .data          0x00023c78        0x0 d:/software/altera/12.1/nios2eds/bin/gnu/h-i686-mingw32/bin/../lib/gcc/nios2-elf/4.1.2/../../../../nios2-elf/lib\libc.a(lib_a-exit.o)
 .data          0x00023c78      0x400 d:/software/altera/12.1/nios2eds/bin/gnu/h-i686-mingw32/bin/../lib/gcc/nios2-elf/4.1.2/../../../../nios2-elf/lib\libc.a(lib_a-impure.o)
 .data          0x00024078        0x0 d:/software/altera/12.1/nios2eds/bin/gnu/h-i686-mingw32/bin/../lib/gcc/nios2-elf/4.1.2/../../../../nios2-elf/lib\libc.a(lib_a-int_errno.o)
 .data          0x00024078        0x0 d:/software/altera/12.1/nios2eds/bin/gnu/h-i686-mingw32/bin/../lib/gcc/nios2-elf/4.1.2/../../../../nios2-elf/lib\libc.a(lib_a-memcmp.o)
 .data          0x00024078        0x0 d:/software/altera/12.1/nios2eds/bin/gnu/h-i686-mingw32/bin/../lib/gcc/nios2-elf/4.1.2/../../../../nios2-elf/lib\libc.a(lib_a-memcpy.o)
 .data          0x00024078        0x0 d:/software/altera/12.1/nios2eds/bin/gnu/h-i686-mingw32/bin/../lib/gcc/nios2-elf/4.1.2/../../../../nios2-elf/lib\libc.a(lib_a-strlen.o)
 .data          0x00024078        0x0 d:/software/altera/12.1/nios2eds/bin/gnu/h-i686-mingw32/bin/../lib/gcc/nios2-elf/4.1.2/../../../../nios2-elf/lib\libc.a(lib_a-__atexit.o)
 .data          0x00024078        0x0 d:/software/altera/12.1/nios2eds/bin/gnu/h-i686-mingw32/bin/../lib/gcc/nios2-elf/4.1.2/../../../../nios2-elf/lib\libc.a(lib_a-__call_atexit.o)
 .data          0x00024078        0x0 ../uart_rcv_bsp/\libhal_bsp.a(alt_exit.o)
                0x0002c078                _gp = ABSOLUTE ((. + 0x8000))
                0x0002c078                PROVIDE (gp, _gp)
 *(.rwdata .rwdata.*)
 *(.sdata .sdata.* .gnu.linkonce.s.*)
 .sdata         0x00024078        0x4 ../uart_rcv_bsp/\libhal_bsp.a(alt_irq_vars.o)
                0x00024078                alt_priority_mask
 .sdata         0x0002407c        0x4 ../uart_rcv_bsp/\libhal_bsp.a(epcs_commands.o)
 .sdata         0x00024080       0x14 ../uart_rcv_bsp/\libhal_bsp.a(alt_dev.o)
                0x00024080                alt_fs_list
                0x00024088                alt_dev_list
                0x00024090                alt_max_fd
 .sdata         0x00024094        0x4 ../uart_rcv_bsp/\libhal_bsp.a(alt_errno.o)
                0x00024094                alt_errno
 .sdata         0x00024098        0x8 ../uart_rcv_bsp/\libhal_bsp.a(alt_flash_dev.o)
                0x00024098                alt_flash_dev_list
 .sdata         0x000240a0        0x8 ../uart_rcv_bsp/\libhal_bsp.a(alt_tick.o)
                0x000240a0                alt_alarm_list
 .sdata         0x000240a8        0x8 d:/software/altera/12.1/nios2eds/bin/gnu/h-i686-mingw32/bin/../lib/gcc/nios2-elf/4.1.2/../../../../nios2-elf/lib\libc.a(lib_a-impure.o)
                0x000240a8                _impure_ptr
                0x000240ac                _global_impure_ptr
 *(.sdata2 .sdata2.* .gnu.linkonce.s2.*)
                0x000240b0                . = ALIGN (0x4)
                0x000240b0                _edata = ABSOLUTE (.)
                0x000240b0                PROVIDE (edata, ABSOLUTE (.))
                0x000240b0                PROVIDE (__ram_rwdata_end, ABSOLUTE (.))
                0x000228e4                PROVIDE (__flash_rwdata_start, LOADADDR (.rwdata))

.bss            0x000240b0      0x2d0
                0x000240b0                __bss_start = ABSOLUTE (.)
                0x000240b0                PROVIDE (__sbss_start, ABSOLUTE (.))
                0x000240b0                PROVIDE (___sbss_start, ABSOLUTE (.))
 *(.dynsbss)
 *(.sbss .sbss.* .gnu.linkonce.sb.*)
 .sbss          0x000240b0       0x21 obj/default/uart_rcv.o
                0x000240b0                RxStart
                0x000240b4                send_data_l
                0x000240b8                rcv_data_h
                0x000240b9                RxPtr
                0x000240ba                i
                0x000240bb                send_ptr
                0x000240bc                ReceBuf
                0x000240c4                rcv_data_l
                0x000240c8                tempRece
                0x000240c9                SendBuf
                0x000240ce                send_data_h
                0x000240cf                wr_flag
                0x000240d0                master
 *fill*         0x000240d1        0x3 00
 .sbss          0x000240d4        0x4 ../uart_rcv_bsp/\libhal_bsp.a(alt_irq_vars.o)
                0x000240d4                alt_irq_active
 .sbss          0x000240d8        0xc ../uart_rcv_bsp/\libhal_bsp.a(alt_main.o)
                0x000240d8                alt_argc
                0x000240dc                alt_argv
                0x000240e0                alt_envp
 .sbss          0x000240e4        0x8 ../uart_rcv_bsp/\libhal_bsp.a(alt_tick.o)
                0x000240e4                _alt_tick_rate
                0x000240e8                _alt_nticks
 .sbss          0x000240ec        0x4 d:/software/altera/12.1/nios2eds/bin/gnu/h-i686-mingw32/bin/../lib/gcc/nios2-elf/4.1.2/../../../../nios2-elf/lib\libc.a(lib_a-int_errno.o)
                0x000240ec                errno
 *(.sbss2 .sbss2.* .gnu.linkonce.sb2.*)
 *(.scommon)
                0x000240f0                PROVIDE (__sbss_end, ABSOLUTE (.))
                0x000240f0                PROVIDE (___sbss_end, ABSOLUTE (.))
 *(.dynbss)
 *(.bss .bss.* .gnu.linkonce.b.*)
 .bss           0x000240f0        0x0 ../uart_rcv_bsp//obj/HAL/src/crt0.o
 .bss           0x000240f0        0x0 obj/default/uart_rcv.o
 .bss           0x000240f0        0x0 ../uart_rcv_bsp/\libhal_bsp.a(alt_irq_register.o)
 .bss           0x000240f0        0x0 ../uart_rcv_bsp/\libhal_bsp.a(alt_irq_vars.o)
 .bss           0x000240f0        0x0 ../uart_rcv_bsp/\libhal_bsp.a(alt_main.o)
 .bss           0x000240f0        0x0 ../uart_rcv_bsp/\libhal_bsp.a(alt_sys_init.o)
 .bss           0x000240f0        0x0 ../uart_rcv_bsp/\libhal_bsp.a(altera_avalon_epcs_flash_controller.o)
 .bss           0x000240f0        0x0 ../uart_rcv_bsp/\libhal_bsp.a(altera_avalon_jtag_uart_fd.o)
 .bss           0x000240f0        0x0 ../uart_rcv_bsp/\libhal_bsp.a(altera_avalon_jtag_uart_init.o)
 .bss           0x000240f0        0x0 ../uart_rcv_bsp/\libhal_bsp.a(altera_avalon_jtag_uart_ioctl.o)
 .bss           0x000240f0        0x0 ../uart_rcv_bsp/\libhal_bsp.a(altera_avalon_jtag_uart_read.o)
 .bss           0x000240f0        0x0 ../uart_rcv_bsp/\libhal_bsp.a(altera_avalon_jtag_uart_write.o)
 .bss           0x000240f0        0x0 ../uart_rcv_bsp/\libhal_bsp.a(altera_avalon_uart_fd.o)
 .bss           0x000240f0        0x0 ../uart_rcv_bsp/\libhal_bsp.a(altera_avalon_uart_init.o)
 .bss           0x000240f0        0x0 ../uart_rcv_bsp/\libhal_bsp.a(altera_avalon_uart_read.o)
 .bss           0x000240f0        0x0 ../uart_rcv_bsp/\libhal_bsp.a(altera_avalon_uart_write.o)
 .bss           0x000240f0        0x0 ../uart_rcv_bsp/\libhal_bsp.a(epcs_commands.o)
 .bss           0x000240f0        0x0 ../uart_rcv_bsp/\libhal_bsp.a(alt_alarm_start.o)
 .bss           0x000240f0        0x0 ../uart_rcv_bsp/\libhal_bsp.a(alt_close.o)
 .bss           0x000240f0        0x0 ../uart_rcv_bsp/\libhal_bsp.a(alt_dev.o)
 .bss           0x000240f0        0x0 ../uart_rcv_bsp/\libhal_bsp.a(alt_dev_llist_insert.o)
 .bss           0x000240f0        0x0 ../uart_rcv_bsp/\libhal_bsp.a(alt_do_ctors.o)
 .bss           0x000240f0        0x0 ../uart_rcv_bsp/\libhal_bsp.a(alt_do_dtors.o)
 .bss           0x000240f0        0x0 ../uart_rcv_bsp/\libhal_bsp.a(alt_errno.o)
 .bss           0x000240f0        0x0 ../uart_rcv_bsp/\libhal_bsp.a(alt_flash_dev.o)
 .bss           0x000240f0        0x0 ../uart_rcv_bsp/\libhal_bsp.a(alt_iic.o)
 .bss           0x000240f0        0x0 ../uart_rcv_bsp/\libhal_bsp.a(alt_iic_isr_register.o)
 .bss           0x000240f0        0x0 ../uart_rcv_bsp/\libhal_bsp.a(alt_io_redirect.o)
 .bss           0x000240f0        0x0 ../uart_rcv_bsp/\libhal_bsp.a(alt_irq_entry.o)
 .bss           0x000240f0        0x0 ../uart_rcv_bsp/\libhal_bsp.a(alt_irq_handler.o)
 .bss           0x000240f0        0x0 ../uart_rcv_bsp/\libhal_bsp.a(alt_open.o)
 .bss           0x000240f0        0x0 ../uart_rcv_bsp/\libhal_bsp.a(alt_release_fd.o)
 .bss           0x000240f0        0x0 ../uart_rcv_bsp/\libhal_bsp.a(alt_tick.o)
 .bss           0x000240f0        0x0 ../uart_rcv_bsp/\libhal_bsp.a(altera_nios2_qsys_irq.o)
 .bss           0x000240f0        0x0 ../uart_rcv_bsp/\libhal_bsp.a(altera_avalon_spi.o)
 .bss           0x000240f0        0x0 ../uart_rcv_bsp/\libhal_bsp.a(alt_exception_entry.o)
 .bss           0x000240f0        0x0 ../uart_rcv_bsp/\libhal_bsp.a(alt_find_dev.o)
 .bss           0x000240f0        0x0 ../uart_rcv_bsp/\libhal_bsp.a(alt_find_file.o)
 .bss           0x000240f0        0x0 ../uart_rcv_bsp/\libhal_bsp.a(alt_get_fd.o)
 .bss           0x000240f0        0x0 d:/software/altera/12.1/nios2eds/bin/gnu/h-i686-mingw32/bin/../lib/gcc/nios2-elf/4.1.2/../../../../nios2-elf/lib\libc.a(lib_a-atexit.o)
 .bss           0x000240f0        0x0 d:/software/altera/12.1/nios2eds/bin/gnu/h-i686-mingw32/bin/../lib/gcc/nios2-elf/4.1.2/../../../../nios2-elf/lib\libc.a(lib_a-exit.o)
 .bss           0x000240f0        0x0 d:/software/altera/12.1/nios2eds/bin/gnu/h-i686-mingw32/bin/../lib/gcc/nios2-elf/4.1.2/../../../../nios2-elf/lib\libc.a(lib_a-impure.o)
 .bss           0x000240f0        0x0 d:/software/altera/12.1/nios2eds/bin/gnu/h-i686-mingw32/bin/../lib/gcc/nios2-elf/4.1.2/../../../../nios2-elf/lib\libc.a(lib_a-int_errno.o)
 .bss           0x000240f0        0x0 d:/software/altera/12.1/nios2eds/bin/gnu/h-i686-mingw32/bin/../lib/gcc/nios2-elf/4.1.2/../../../../nios2-elf/lib\libc.a(lib_a-memcmp.o)
 .bss           0x000240f0        0x0 d:/software/altera/12.1/nios2eds/bin/gnu/h-i686-mingw32/bin/../lib/gcc/nios2-elf/4.1.2/../../../../nios2-elf/lib\libc.a(lib_a-memcpy.o)
 .bss           0x000240f0        0x0 d:/software/altera/12.1/nios2eds/bin/gnu/h-i686-mingw32/bin/../lib/gcc/nios2-elf/4.1.2/../../../../nios2-elf/lib\libc.a(lib_a-strlen.o)
 .bss           0x000240f0        0x0 d:/software/altera/12.1/nios2eds/bin/gnu/h-i686-mingw32/bin/../lib/gcc/nios2-elf/4.1.2/../../../../nios2-elf/lib\libc.a(lib_a-__atexit.o)
 .bss           0x000240f0        0x0 d:/software/altera/12.1/nios2eds/bin/gnu/h-i686-mingw32/bin/../lib/gcc/nios2-elf/4.1.2/../../../../nios2-elf/lib\libc.a(lib_a-__call_atexit.o)
 .bss           0x000240f0        0x0 ../uart_rcv_bsp/\libhal_bsp.a(alt_exit.o)
 *(COMMON)
 COMMON         0x000240f0      0x100 ../uart_rcv_bsp/\libhal_bsp.a(alt_irq_handler.o)
                0x000240f0                alt_irq
 COMMON         0x000241f0      0x190 d:/software/altera/12.1/nios2eds/bin/gnu/h-i686-mingw32/bin/../lib/gcc/nios2-elf/4.1.2/../../../../nios2-elf/lib\libc.a(lib_a-atexit.o)
                0x000241f0                _atexit0
                0x00024380                . = ALIGN (0x4)
                0x00024380                __bss_end = ABSOLUTE (.)

.RAM            0x00024380        0x0
                0x00024380                PROVIDE (_alt_partition_RAM_start, ABSOLUTE (.))
 *(.RAM. RAM.*)
                0x00024380                . = ALIGN (0x4)
                0x00024380                PROVIDE (_alt_partition_RAM_end, ABSOLUTE (.))
                0x00024380                _end = ABSOLUTE (.)
                0x00024380                end = ABSOLUTE (.)
                0x00024380                __alt_stack_base = ABSOLUTE (.)
                0x00024380                PROVIDE (_alt_partition_RAM_load_addr, LOADADDR (.RAM))

.epcs_flash_controller_0
                0x00041020        0x0
                0x00041020                PROVIDE (_alt_partition_epcs_flash_controller_0_start, ABSOLUTE (.))
 *(.epcs_flash_controller_0. epcs_flash_controller_0.*)
                0x00041020                . = ALIGN (0x4)
                0x00041020                PROVIDE (_alt_partition_epcs_flash_controller_0_end, ABSOLUTE (.))
                0x00041020                PROVIDE (_alt_partition_epcs_flash_controller_0_load_addr, LOADADDR (.epcs_flash_controller_0))

.stab
 *(.stab)

.stabstr
 *(.stabstr)

.stab.excl
 *(.stab.excl)

.stab.exclstr
 *(.stab.exclstr)

.stab.index
 *(.stab.index)

.stab.indexstr
 *(.stab.indexstr)

.comment        0x00000000       0x23
 *(.comment)
 .comment       0x00000000       0x23 obj/default/uart_rcv.o
                                 0x24 (size before relaxing)
 .comment       0x00000000       0x24 ../uart_rcv_bsp/\libhal_bsp.a(alt_irq_register.o)
 .comment       0x00000000       0x24 ../uart_rcv_bsp/\libhal_bsp.a(alt_irq_vars.o)
 .comment       0x00000000       0x24 ../uart_rcv_bsp/\libhal_bsp.a(alt_main.o)
 .comment       0x00000000       0x24 ../uart_rcv_bsp/\libhal_bsp.a(alt_sys_init.o)
 .comment       0x00000000       0x24 ../uart_rcv_bsp/\libhal_bsp.a(altera_avalon_epcs_flash_controller.o)
 .comment       0x00000000       0x24 ../uart_rcv_bsp/\libhal_bsp.a(altera_avalon_jtag_uart_fd.o)
 .comment       0x00000000       0x24 ../uart_rcv_bsp/\libhal_bsp.a(altera_avalon_jtag_uart_init.o)
 .comment       0x00000000       0x24 ../uart_rcv_bsp/\libhal_bsp.a(altera_avalon_jtag_uart_ioctl.o)
 .comment       0x00000000       0x24 ../uart_rcv_bsp/\libhal_bsp.a(altera_avalon_jtag_uart_read.o)
 .comment       0x00000000       0x24 ../uart_rcv_bsp/\libhal_bsp.a(altera_avalon_jtag_uart_write.o)
 .comment       0x00000000       0x24 ../uart_rcv_bsp/\libhal_bsp.a(altera_avalon_uart_fd.o)
 .comment       0x00000000       0x24 ../uart_rcv_bsp/\libhal_bsp.a(altera_avalon_uart_init.o)
 .comment       0x00000000       0x24 ../uart_rcv_bsp/\libhal_bsp.a(altera_avalon_uart_read.o)
 .comment       0x00000000       0x24 ../uart_rcv_bsp/\libhal_bsp.a(altera_avalon_uart_write.o)
 .comment       0x00000000       0x24 ../uart_rcv_bsp/\libhal_bsp.a(epcs_commands.o)
 .comment       0x00000000       0x24 ../uart_rcv_bsp/\libhal_bsp.a(alt_alarm_start.o)
 .comment       0x00000000       0x24 ../uart_rcv_bsp/\libhal_bsp.a(alt_close.o)
 .comment       0x00000000       0x24 ../uart_rcv_bsp/\libhal_bsp.a(alt_dev.o)
 .comment       0x00000000       0x24 ../uart_rcv_bsp/\libhal_bsp.a(alt_dev_llist_insert.o)
 .comment       0x00000000       0x24 ../uart_rcv_bsp/\libhal_bsp.a(alt_do_ctors.o)
 .comment       0x00000000       0x24 ../uart_rcv_bsp/\libhal_bsp.a(alt_do_dtors.o)
 .comment       0x00000000       0x24 ../uart_rcv_bsp/\libhal_bsp.a(alt_errno.o)
 .comment       0x00000000       0x24 ../uart_rcv_bsp/\libhal_bsp.a(alt_flash_dev.o)
 .comment       0x00000000       0x24 ../uart_rcv_bsp/\libhal_bsp.a(alt_iic.o)
 .comment       0x00000000       0x24 ../uart_rcv_bsp/\libhal_bsp.a(alt_iic_isr_register.o)
 .comment       0x00000000       0x24 ../uart_rcv_bsp/\libhal_bsp.a(alt_io_redirect.o)
 .comment       0x00000000       0x24 ../uart_rcv_bsp/\libhal_bsp.a(alt_irq_handler.o)
 .comment       0x00000000       0x24 ../uart_rcv_bsp/\libhal_bsp.a(alt_open.o)
 .comment       0x00000000       0x24 ../uart_rcv_bsp/\libhal_bsp.a(alt_release_fd.o)
 .comment       0x00000000       0x24 ../uart_rcv_bsp/\libhal_bsp.a(alt_tick.o)
 .comment       0x00000000       0x24 ../uart_rcv_bsp/\libhal_bsp.a(altera_nios2_qsys_irq.o)
 .comment       0x00000000       0x24 ../uart_rcv_bsp/\libhal_bsp.a(altera_avalon_spi.o)
 .comment       0x00000000       0x24 ../uart_rcv_bsp/\libhal_bsp.a(alt_find_dev.o)
 .comment       0x00000000       0x24 ../uart_rcv_bsp/\libhal_bsp.a(alt_find_file.o)
 .comment       0x00000000       0x24 ../uart_rcv_bsp/\libhal_bsp.a(alt_get_fd.o)
 .comment       0x00000000       0x24 d:/software/altera/12.1/nios2eds/bin/gnu/h-i686-mingw32/bin/../lib/gcc/nios2-elf/4.1.2/../../../../nios2-elf/lib\libc.a(lib_a-atexit.o)
 .comment       0x00000000       0x24 d:/software/altera/12.1/nios2eds/bin/gnu/h-i686-mingw32/bin/../lib/gcc/nios2-elf/4.1.2/../../../../nios2-elf/lib\libc.a(lib_a-exit.o)
 .comment       0x00000000       0x24 d:/software/altera/12.1/nios2eds/bin/gnu/h-i686-mingw32/bin/../lib/gcc/nios2-elf/4.1.2/../../../../nios2-elf/lib\libc.a(lib_a-impure.o)
 .comment       0x00000000       0x24 d:/software/altera/12.1/nios2eds/bin/gnu/h-i686-mingw32/bin/../lib/gcc/nios2-elf/4.1.2/../../../../nios2-elf/lib\libc.a(lib_a-int_errno.o)
 .comment       0x00000000       0x24 d:/software/altera/12.1/nios2eds/bin/gnu/h-i686-mingw32/bin/../lib/gcc/nios2-elf/4.1.2/../../../../nios2-elf/lib\libc.a(lib_a-memcmp.o)
 .comment       0x00000000       0x24 d:/software/altera/12.1/nios2eds/bin/gnu/h-i686-mingw32/bin/../lib/gcc/nios2-elf/4.1.2/../../../../nios2-elf/lib\libc.a(lib_a-memcpy.o)
 .comment       0x00000000       0x24 d:/software/altera/12.1/nios2eds/bin/gnu/h-i686-mingw32/bin/../lib/gcc/nios2-elf/4.1.2/../../../../nios2-elf/lib\libc.a(lib_a-strlen.o)
 .comment       0x00000000       0x24 d:/software/altera/12.1/nios2eds/bin/gnu/h-i686-mingw32/bin/../lib/gcc/nios2-elf/4.1.2/../../../../nios2-elf/lib\libc.a(lib_a-__atexit.o)
 .comment       0x00000000       0x24 d:/software/altera/12.1/nios2eds/bin/gnu/h-i686-mingw32/bin/../lib/gcc/nios2-elf/4.1.2/../../../../nios2-elf/lib\libc.a(lib_a-__call_atexit.o)
 .comment       0x00000000       0x24 ../uart_rcv_bsp/\libhal_bsp.a(alt_exit.o)

.debug
 *(.debug)

.line
 *(.line)

.debug_srcinfo
 *(.debug_srcinfo)

.debug_sfnames
 *(.debug_sfnames)

.debug_aranges  0x00000000      0x5d0
 *(.debug_aranges)
 .debug_aranges
                0x00000000       0x20 ../uart_rcv_bsp//obj/HAL/src/crt0.o
 .debug_aranges
                0x00000020       0x20 obj/default/uart_rcv.o
 .debug_aranges
                0x00000040       0x20 ../uart_rcv_bsp/\libhal_bsp.a(alt_irq_register.o)
 .debug_aranges
                0x00000060       0x20 ../uart_rcv_bsp/\libhal_bsp.a(alt_main.o)
 .debug_aranges
                0x00000080       0x20 ../uart_rcv_bsp/\libhal_bsp.a(alt_sys_init.o)
 .debug_aranges
                0x000000a0       0x20 ../uart_rcv_bsp/\libhal_bsp.a(altera_avalon_epcs_flash_controller.o)
 .debug_aranges
                0x000000c0       0x20 ../uart_rcv_bsp/\libhal_bsp.a(altera_avalon_jtag_uart_fd.o)
 .debug_aranges
                0x000000e0       0x20 ../uart_rcv_bsp/\libhal_bsp.a(altera_avalon_jtag_uart_init.o)
 .debug_aranges
                0x00000100       0x20 ../uart_rcv_bsp/\libhal_bsp.a(altera_avalon_jtag_uart_ioctl.o)
 .debug_aranges
                0x00000120       0x20 ../uart_rcv_bsp/\libhal_bsp.a(altera_avalon_jtag_uart_read.o)
 .debug_aranges
                0x00000140       0x20 ../uart_rcv_bsp/\libhal_bsp.a(altera_avalon_jtag_uart_write.o)
 .debug_aranges
                0x00000160       0x20 ../uart_rcv_bsp/\libhal_bsp.a(altera_avalon_uart_fd.o)
 .debug_aranges
                0x00000180       0x20 ../uart_rcv_bsp/\libhal_bsp.a(altera_avalon_uart_init.o)
 .debug_aranges
                0x000001a0       0x20 ../uart_rcv_bsp/\libhal_bsp.a(altera_avalon_uart_read.o)
 .debug_aranges
                0x000001c0       0x20 ../uart_rcv_bsp/\libhal_bsp.a(altera_avalon_uart_write.o)
 .debug_aranges
                0x000001e0       0x20 ../uart_rcv_bsp/\libhal_bsp.a(epcs_commands.o)
 .debug_aranges
                0x00000200       0x20 ../uart_rcv_bsp/\libhal_bsp.a(alt_alarm_start.o)
 .debug_aranges
                0x00000220       0x20 ../uart_rcv_bsp/\libhal_bsp.a(alt_close.o)
 .debug_aranges
                0x00000240       0x20 ../uart_rcv_bsp/\libhal_bsp.a(alt_dev.o)
 .debug_aranges
                0x00000260       0x20 ../uart_rcv_bsp/\libhal_bsp.a(alt_dev_llist_insert.o)
 .debug_aranges
                0x00000280       0x20 ../uart_rcv_bsp/\libhal_bsp.a(alt_do_ctors.o)
 .debug_aranges
                0x000002a0       0x20 ../uart_rcv_bsp/\libhal_bsp.a(alt_do_dtors.o)
 .debug_aranges
                0x000002c0       0x20 ../uart_rcv_bsp/\libhal_bsp.a(alt_flash_dev.o)
 .debug_aranges
                0x000002e0       0x20 ../uart_rcv_bsp/\libhal_bsp.a(alt_iic.o)
 .debug_aranges
                0x00000300       0x20 ../uart_rcv_bsp/\libhal_bsp.a(alt_iic_isr_register.o)
 .debug_aranges
                0x00000320       0x20 ../uart_rcv_bsp/\libhal_bsp.a(alt_io_redirect.o)
 .debug_aranges
                0x00000340       0x30 ../uart_rcv_bsp/\libhal_bsp.a(alt_irq_entry.o)
 .debug_aranges
                0x00000370       0x28 ../uart_rcv_bsp/\libhal_bsp.a(alt_irq_handler.o)
 .debug_aranges
                0x00000398       0x20 ../uart_rcv_bsp/\libhal_bsp.a(alt_open.o)
 .debug_aranges
                0x000003b8       0x20 ../uart_rcv_bsp/\libhal_bsp.a(alt_release_fd.o)
 .debug_aranges
                0x000003d8       0x20 ../uart_rcv_bsp/\libhal_bsp.a(alt_tick.o)
 .debug_aranges
                0x000003f8       0x20 ../uart_rcv_bsp/\libhal_bsp.a(altera_nios2_qsys_irq.o)
 .debug_aranges
                0x00000418       0x20 ../uart_rcv_bsp/\libhal_bsp.a(altera_avalon_spi.o)
 .debug_aranges
                0x00000438       0x38 ../uart_rcv_bsp/\libhal_bsp.a(alt_exception_entry.o)
 .debug_aranges
                0x00000470       0x20 ../uart_rcv_bsp/\libhal_bsp.a(alt_find_dev.o)
 .debug_aranges
                0x00000490       0x20 ../uart_rcv_bsp/\libhal_bsp.a(alt_find_file.o)
 .debug_aranges
                0x000004b0       0x20 ../uart_rcv_bsp/\libhal_bsp.a(alt_get_fd.o)
 .debug_aranges
                0x000004d0       0x20 d:/software/altera/12.1/nios2eds/bin/gnu/h-i686-mingw32/bin/../lib/gcc/nios2-elf/4.1.2/../../../../nios2-elf/lib\libc.a(lib_a-atexit.o)
 .debug_aranges
                0x000004f0       0x20 d:/software/altera/12.1/nios2eds/bin/gnu/h-i686-mingw32/bin/../lib/gcc/nios2-elf/4.1.2/../../../../nios2-elf/lib\libc.a(lib_a-exit.o)
 .debug_aranges
                0x00000510       0x20 d:/software/altera/12.1/nios2eds/bin/gnu/h-i686-mingw32/bin/../lib/gcc/nios2-elf/4.1.2/../../../../nios2-elf/lib\libc.a(lib_a-memcmp.o)
 .debug_aranges
                0x00000530       0x20 d:/software/altera/12.1/nios2eds/bin/gnu/h-i686-mingw32/bin/../lib/gcc/nios2-elf/4.1.2/../../../../nios2-elf/lib\libc.a(lib_a-memcpy.o)
 .debug_aranges
                0x00000550       0x20 d:/software/altera/12.1/nios2eds/bin/gnu/h-i686-mingw32/bin/../lib/gcc/nios2-elf/4.1.2/../../../../nios2-elf/lib\libc.a(lib_a-strlen.o)
 .debug_aranges
                0x00000570       0x20 d:/software/altera/12.1/nios2eds/bin/gnu/h-i686-mingw32/bin/../lib/gcc/nios2-elf/4.1.2/../../../../nios2-elf/lib\libc.a(lib_a-__atexit.o)
 .debug_aranges
                0x00000590       0x20 d:/software/altera/12.1/nios2eds/bin/gnu/h-i686-mingw32/bin/../lib/gcc/nios2-elf/4.1.2/../../../../nios2-elf/lib\libc.a(lib_a-__call_atexit.o)
 .debug_aranges
                0x000005b0       0x20 ../uart_rcv_bsp/\libhal_bsp.a(alt_exit.o)

.debug_pubnames
                0x00000000      0xb8c
 *(.debug_pubnames)
 .debug_pubnames
                0x00000000       0xf0 obj/default/uart_rcv.o
 .debug_pubnames
                0x000000f0       0x27 ../uart_rcv_bsp/\libhal_bsp.a(alt_irq_register.o)
 .debug_pubnames
                0x00000117       0x3b ../uart_rcv_bsp/\libhal_bsp.a(alt_irq_vars.o)
 .debug_pubnames
                0x00000152       0x46 ../uart_rcv_bsp/\libhal_bsp.a(alt_main.o)
 .debug_pubnames
                0x00000198       0x34 ../uart_rcv_bsp/\libhal_bsp.a(alt_sys_init.o)
 .debug_pubnames
                0x000001cc       0xb5 ../uart_rcv_bsp/\libhal_bsp.a(altera_avalon_epcs_flash_controller.o)
 .debug_pubnames
                0x00000281       0xa5 ../uart_rcv_bsp/\libhal_bsp.a(altera_avalon_jtag_uart_fd.o)
 .debug_pubnames
                0x00000326       0x55 ../uart_rcv_bsp/\libhal_bsp.a(altera_avalon_jtag_uart_init.o)
 .debug_pubnames
                0x0000037b       0x34 ../uart_rcv_bsp/\libhal_bsp.a(altera_avalon_jtag_uart_ioctl.o)
 .debug_pubnames
                0x000003af       0x33 ../uart_rcv_bsp/\libhal_bsp.a(altera_avalon_jtag_uart_read.o)
 .debug_pubnames
                0x000003e2       0x34 ../uart_rcv_bsp/\libhal_bsp.a(altera_avalon_jtag_uart_write.o)
 .debug_pubnames
                0x00000416       0x71 ../uart_rcv_bsp/\libhal_bsp.a(altera_avalon_uart_fd.o)
 .debug_pubnames
                0x00000487       0x4b ../uart_rcv_bsp/\libhal_bsp.a(altera_avalon_uart_init.o)
 .debug_pubnames
                0x000004d2       0x2e ../uart_rcv_bsp/\libhal_bsp.a(altera_avalon_uart_read.o)
 .debug_pubnames
                0x00000500       0x2f ../uart_rcv_bsp/\libhal_bsp.a(altera_avalon_uart_write.o)
 .debug_pubnames
                0x0000052f      0x118 ../uart_rcv_bsp/\libhal_bsp.a(epcs_commands.o)
 .debug_pubnames
                0x00000647       0x26 ../uart_rcv_bsp/\libhal_bsp.a(alt_alarm_start.o)
 .debug_pubnames
                0x0000066d       0x1c ../uart_rcv_bsp/\libhal_bsp.a(alt_close.o)
 .debug_pubnames
                0x00000689       0x63 ../uart_rcv_bsp/\libhal_bsp.a(alt_dev.o)
 .debug_pubnames
                0x000006ec       0x2b ../uart_rcv_bsp/\libhal_bsp.a(alt_dev_llist_insert.o)
 .debug_pubnames
                0x00000717       0x20 ../uart_rcv_bsp/\libhal_bsp.a(alt_do_ctors.o)
 .debug_pubnames
                0x00000737       0x20 ../uart_rcv_bsp/\libhal_bsp.a(alt_do_dtors.o)
 .debug_pubnames
                0x00000757       0x20 ../uart_rcv_bsp/\libhal_bsp.a(alt_errno.o)
 .debug_pubnames
                0x00000777       0x58 ../uart_rcv_bsp/\libhal_bsp.a(alt_flash_dev.o)
 .debug_pubnames
                0x000007cf       0x6e ../uart_rcv_bsp/\libhal_bsp.a(alt_iic.o)
 .debug_pubnames
                0x0000083d       0x2b ../uart_rcv_bsp/\libhal_bsp.a(alt_iic_isr_register.o)
 .debug_pubnames
                0x00000868       0x26 ../uart_rcv_bsp/\libhal_bsp.a(alt_io_redirect.o)
 .debug_pubnames
                0x0000088e       0x32 ../uart_rcv_bsp/\libhal_bsp.a(alt_irq_handler.o)
 .debug_pubnames
                0x000008c0       0x1b ../uart_rcv_bsp/\libhal_bsp.a(alt_open.o)
 .debug_pubnames
                0x000008db       0x25 ../uart_rcv_bsp/\libhal_bsp.a(alt_release_fd.o)
 .debug_pubnames
                0x00000900       0x68 ../uart_rcv_bsp/\libhal_bsp.a(alt_tick.o)
 .debug_pubnames
                0x00000968       0x31 ../uart_rcv_bsp/\libhal_bsp.a(altera_nios2_qsys_irq.o)
 .debug_pubnames
                0x00000999       0x2d ../uart_rcv_bsp/\libhal_bsp.a(altera_avalon_spi.o)
 .debug_pubnames
                0x000009c6       0x23 ../uart_rcv_bsp/\libhal_bsp.a(alt_find_dev.o)
 .debug_pubnames
                0x000009e9       0x24 ../uart_rcv_bsp/\libhal_bsp.a(alt_find_file.o)
 .debug_pubnames
                0x00000a0d       0x21 ../uart_rcv_bsp/\libhal_bsp.a(alt_get_fd.o)
 .debug_pubnames
                0x00000a2e       0x2a d:/software/altera/12.1/nios2eds/bin/gnu/h-i686-mingw32/bin/../lib/gcc/nios2-elf/4.1.2/../../../../nios2-elf/lib\libc.a(lib_a-atexit.o)
 .debug_pubnames
                0x00000a58       0x1b d:/software/altera/12.1/nios2eds/bin/gnu/h-i686-mingw32/bin/../lib/gcc/nios2-elf/4.1.2/../../../../nios2-elf/lib\libc.a(lib_a-exit.o)
 .debug_pubnames
                0x00000a73       0x39 d:/software/altera/12.1/nios2eds/bin/gnu/h-i686-mingw32/bin/../lib/gcc/nios2-elf/4.1.2/../../../../nios2-elf/lib\libc.a(lib_a-impure.o)
 .debug_pubnames
                0x00000aac       0x1c d:/software/altera/12.1/nios2eds/bin/gnu/h-i686-mingw32/bin/../lib/gcc/nios2-elf/4.1.2/../../../../nios2-elf/lib\libc.a(lib_a-int_errno.o)
 .debug_pubnames
                0x00000ac8       0x1d d:/software/altera/12.1/nios2eds/bin/gnu/h-i686-mingw32/bin/../lib/gcc/nios2-elf/4.1.2/../../../../nios2-elf/lib\libc.a(lib_a-memcmp.o)
 .debug_pubnames
                0x00000ae5       0x1d d:/software/altera/12.1/nios2eds/bin/gnu/h-i686-mingw32/bin/../lib/gcc/nios2-elf/4.1.2/../../../../nios2-elf/lib\libc.a(lib_a-memcpy.o)
 .debug_pubnames
                0x00000b02       0x1d d:/software/altera/12.1/nios2eds/bin/gnu/h-i686-mingw32/bin/../lib/gcc/nios2-elf/4.1.2/../../../../nios2-elf/lib\libc.a(lib_a-strlen.o)
 .debug_pubnames
                0x00000b1f       0x2a d:/software/altera/12.1/nios2eds/bin/gnu/h-i686-mingw32/bin/../lib/gcc/nios2-elf/4.1.2/../../../../nios2-elf/lib\libc.a(lib_a-__atexit.o)
 .debug_pubnames
                0x00000b49       0x27 d:/software/altera/12.1/nios2eds/bin/gnu/h-i686-mingw32/bin/../lib/gcc/nios2-elf/4.1.2/../../../../nios2-elf/lib\libc.a(lib_a-__call_atexit.o)
 .debug_pubnames
                0x00000b70       0x1c ../uart_rcv_bsp/\libhal_bsp.a(alt_exit.o)

.debug_info     0x00000000     0x9dbe
 *(.debug_info .gnu.linkonce.wi.*)
 .debug_info    0x00000000       0x79 ../uart_rcv_bsp//obj/HAL/src/crt0.o
 .debug_info    0x00000079      0x251 obj/default/uart_rcv.o
 .debug_info    0x000002ca      0x2f4 ../uart_rcv_bsp/\libhal_bsp.a(alt_irq_register.o)
 .debug_info    0x000005be       0x92 ../uart_rcv_bsp/\libhal_bsp.a(alt_irq_vars.o)
 .debug_info    0x00000650      0x137 ../uart_rcv_bsp/\libhal_bsp.a(alt_main.o)
 .debug_info    0x00000787      0x8cc ../uart_rcv_bsp/\libhal_bsp.a(alt_sys_init.o)
 .debug_info    0x00001053      0x89e ../uart_rcv_bsp/\libhal_bsp.a(altera_avalon_epcs_flash_controller.o)
 .debug_info    0x000018f1      0x57c ../uart_rcv_bsp/\libhal_bsp.a(altera_avalon_jtag_uart_fd.o)
 .debug_info    0x00001e6d      0x3b5 ../uart_rcv_bsp/\libhal_bsp.a(altera_avalon_jtag_uart_init.o)
 .debug_info    0x00002222      0x2a5 ../uart_rcv_bsp/\libhal_bsp.a(altera_avalon_jtag_uart_ioctl.o)
 .debug_info    0x000024c7      0x371 ../uart_rcv_bsp/\libhal_bsp.a(altera_avalon_jtag_uart_read.o)
 .debug_info    0x00002838      0x35e ../uart_rcv_bsp/\libhal_bsp.a(altera_avalon_jtag_uart_write.o)
 .debug_info    0x00002b96      0x46f ../uart_rcv_bsp/\libhal_bsp.a(altera_avalon_uart_fd.o)
 .debug_info    0x00003005      0x341 ../uart_rcv_bsp/\libhal_bsp.a(altera_avalon_uart_init.o)
 .debug_info    0x00003346      0x326 ../uart_rcv_bsp/\libhal_bsp.a(altera_avalon_uart_read.o)
 .debug_info    0x0000366c      0x334 ../uart_rcv_bsp/\libhal_bsp.a(altera_avalon_uart_write.o)
 .debug_info    0x000039a0      0x483 ../uart_rcv_bsp/\libhal_bsp.a(epcs_commands.o)
 .debug_info    0x00003e23      0x2c4 ../uart_rcv_bsp/\libhal_bsp.a(alt_alarm_start.o)
 .debug_info    0x000040e7      0x34f ../uart_rcv_bsp/\libhal_bsp.a(alt_close.o)
 .debug_info    0x00004436      0x4dd ../uart_rcv_bsp/\libhal_bsp.a(alt_dev.o)
 .debug_info    0x00004913      0x1b7 ../uart_rcv_bsp/\libhal_bsp.a(alt_dev_llist_insert.o)
 .debug_info    0x00004aca       0x8d ../uart_rcv_bsp/\libhal_bsp.a(alt_do_ctors.o)
 .debug_info    0x00004b57       0x8d ../uart_rcv_bsp/\libhal_bsp.a(alt_do_dtors.o)
 .debug_info    0x00004be4       0xab ../uart_rcv_bsp/\libhal_bsp.a(alt_errno.o)
 .debug_info    0x00004c8f      0x3cd ../uart_rcv_bsp/\libhal_bsp.a(alt_flash_dev.o)
 .debug_info    0x0000505c      0x341 ../uart_rcv_bsp/\libhal_bsp.a(alt_iic.o)
 .debug_info    0x0000539d      0x1f2 ../uart_rcv_bsp/\libhal_bsp.a(alt_iic_isr_register.o)
 .debug_info    0x0000558f      0x4f6 ../uart_rcv_bsp/\libhal_bsp.a(alt_io_redirect.o)
 .debug_info    0x00005a85       0x7e ../uart_rcv_bsp/\libhal_bsp.a(alt_irq_entry.o)
 .debug_info    0x00005b03      0x17b ../uart_rcv_bsp/\libhal_bsp.a(alt_irq_handler.o)
 .debug_info    0x00005c7e      0x40c ../uart_rcv_bsp/\libhal_bsp.a(alt_open.o)
 .debug_info    0x0000608a      0x2d9 ../uart_rcv_bsp/\libhal_bsp.a(alt_release_fd.o)
 .debug_info    0x00006363      0x2a1 ../uart_rcv_bsp/\libhal_bsp.a(alt_tick.o)
 .debug_info    0x00006604       0x8d ../uart_rcv_bsp/\libhal_bsp.a(altera_nios2_qsys_irq.o)
 .debug_info    0x00006691      0x17b ../uart_rcv_bsp/\libhal_bsp.a(altera_avalon_spi.o)
 .debug_info    0x0000680c       0x84 ../uart_rcv_bsp/\libhal_bsp.a(alt_exception_entry.o)
 .debug_info    0x00006890      0x310 ../uart_rcv_bsp/\libhal_bsp.a(alt_find_dev.o)
 .debug_info    0x00006ba0      0x30e ../uart_rcv_bsp/\libhal_bsp.a(alt_find_file.o)
 .debug_info    0x00006eae      0x331 ../uart_rcv_bsp/\libhal_bsp.a(alt_get_fd.o)
 .debug_info    0x000071df      0x181 d:/software/altera/12.1/nios2eds/bin/gnu/h-i686-mingw32/bin/../lib/gcc/nios2-elf/4.1.2/../../../../nios2-elf/lib\libc.a(lib_a-atexit.o)
 .debug_info    0x00007360      0x93f d:/software/altera/12.1/nios2eds/bin/gnu/h-i686-mingw32/bin/../lib/gcc/nios2-elf/4.1.2/../../../../nios2-elf/lib\libc.a(lib_a-exit.o)
 .debug_info    0x00007c9f      0x93d d:/software/altera/12.1/nios2eds/bin/gnu/h-i686-mingw32/bin/../lib/gcc/nios2-elf/4.1.2/../../../../nios2-elf/lib\libc.a(lib_a-impure.o)
 .debug_info    0x000085dc       0x8c d:/software/altera/12.1/nios2eds/bin/gnu/h-i686-mingw32/bin/../lib/gcc/nios2-elf/4.1.2/../../../../nios2-elf/lib\libc.a(lib_a-int_errno.o)
 .debug_info    0x00008668      0x115 d:/software/altera/12.1/nios2eds/bin/gnu/h-i686-mingw32/bin/../lib/gcc/nios2-elf/4.1.2/../../../../nios2-elf/lib\libc.a(lib_a-memcmp.o)
 .debug_info    0x0000877d      0x106 d:/software/altera/12.1/nios2eds/bin/gnu/h-i686-mingw32/bin/../lib/gcc/nios2-elf/4.1.2/../../../../nios2-elf/lib\libc.a(lib_a-memcpy.o)
 .debug_info    0x00008883       0xdb d:/software/altera/12.1/nios2eds/bin/gnu/h-i686-mingw32/bin/../lib/gcc/nios2-elf/4.1.2/../../../../nios2-elf/lib\libc.a(lib_a-strlen.o)
 .debug_info    0x0000895e      0x99c d:/software/altera/12.1/nios2eds/bin/gnu/h-i686-mingw32/bin/../lib/gcc/nios2-elf/4.1.2/../../../../nios2-elf/lib\libc.a(lib_a-__atexit.o)
 .debug_info    0x000092fa      0x9e2 d:/software/altera/12.1/nios2eds/bin/gnu/h-i686-mingw32/bin/../lib/gcc/nios2-elf/4.1.2/../../../../nios2-elf/lib\libc.a(lib_a-__call_atexit.o)
 .debug_info    0x00009cdc       0xe2 ../uart_rcv_bsp/\libhal_bsp.a(alt_exit.o)

.debug_abbrev   0x00000000     0x32c6
 *(.debug_abbrev)
 .debug_abbrev  0x00000000       0x14 ../uart_rcv_bsp//obj/HAL/src/crt0.o
 .debug_abbrev  0x00000014      0x109 obj/default/uart_rcv.o
 .debug_abbrev  0x0000011d      0x190 ../uart_rcv_bsp/\libhal_bsp.a(alt_irq_register.o)
 .debug_abbrev  0x000002ad       0x44 ../uart_rcv_bsp/\libhal_bsp.a(alt_irq_vars.o)
 .debug_abbrev  0x000002f1       0xb7 ../uart_rcv_bsp/\libhal_bsp.a(alt_main.o)
 .debug_abbrev  0x000003a8      0x169 ../uart_rcv_bsp/\libhal_bsp.a(alt_sys_init.o)
 .debug_abbrev  0x00000511      0x24a ../uart_rcv_bsp/\libhal_bsp.a(altera_avalon_epcs_flash_controller.o)
 .debug_abbrev  0x0000075b      0x113 ../uart_rcv_bsp/\libhal_bsp.a(altera_avalon_jtag_uart_fd.o)
 .debug_abbrev  0x0000086e      0x1a7 ../uart_rcv_bsp/\libhal_bsp.a(altera_avalon_jtag_uart_init.o)
 .debug_abbrev  0x00000a15      0x10c ../uart_rcv_bsp/\libhal_bsp.a(altera_avalon_jtag_uart_ioctl.o)
 .debug_abbrev  0x00000b21      0x194 ../uart_rcv_bsp/\libhal_bsp.a(altera_avalon_jtag_uart_read.o)
 .debug_abbrev  0x00000cb5      0x18c ../uart_rcv_bsp/\libhal_bsp.a(altera_avalon_jtag_uart_write.o)
 .debug_abbrev  0x00000e41      0x104 ../uart_rcv_bsp/\libhal_bsp.a(altera_avalon_uart_fd.o)
 .debug_abbrev  0x00000f45      0x1bc ../uart_rcv_bsp/\libhal_bsp.a(altera_avalon_uart_init.o)
 .debug_abbrev  0x00001101      0x189 ../uart_rcv_bsp/\libhal_bsp.a(altera_avalon_uart_read.o)
 .debug_abbrev  0x0000128a      0x17a ../uart_rcv_bsp/\libhal_bsp.a(altera_avalon_uart_write.o)
 .debug_abbrev  0x00001404      0x18d ../uart_rcv_bsp/\libhal_bsp.a(epcs_commands.o)
 .debug_abbrev  0x00001591      0x179 ../uart_rcv_bsp/\libhal_bsp.a(alt_alarm_start.o)
 .debug_abbrev  0x0000170a      0x119 ../uart_rcv_bsp/\libhal_bsp.a(alt_close.o)
 .debug_abbrev  0x00001823       0xd6 ../uart_rcv_bsp/\libhal_bsp.a(alt_dev.o)
 .debug_abbrev  0x000018f9      0x117 ../uart_rcv_bsp/\libhal_bsp.a(alt_dev_llist_insert.o)
 .debug_abbrev  0x00001a10       0x76 ../uart_rcv_bsp/\libhal_bsp.a(alt_do_ctors.o)
 .debug_abbrev  0x00001a86       0x76 ../uart_rcv_bsp/\libhal_bsp.a(alt_do_dtors.o)
 .debug_abbrev  0x00001afc       0x5e ../uart_rcv_bsp/\libhal_bsp.a(alt_errno.o)
 .debug_abbrev  0x00001b5a      0x114 ../uart_rcv_bsp/\libhal_bsp.a(alt_flash_dev.o)
 .debug_abbrev  0x00001c6e      0x160 ../uart_rcv_bsp/\libhal_bsp.a(alt_iic.o)
 .debug_abbrev  0x00001dce      0x17e ../uart_rcv_bsp/\libhal_bsp.a(alt_iic_isr_register.o)
 .debug_abbrev  0x00001f4c      0x10e ../uart_rcv_bsp/\libhal_bsp.a(alt_io_redirect.o)
 .debug_abbrev  0x0000205a       0x12 ../uart_rcv_bsp/\libhal_bsp.a(alt_irq_entry.o)
 .debug_abbrev  0x0000206c      0x117 ../uart_rcv_bsp/\libhal_bsp.a(alt_irq_handler.o)
 .debug_abbrev  0x00002183      0x177 ../uart_rcv_bsp/\libhal_bsp.a(alt_open.o)
 .debug_abbrev  0x000022fa       0xdb ../uart_rcv_bsp/\libhal_bsp.a(alt_release_fd.o)
 .debug_abbrev  0x000023d5      0x15f ../uart_rcv_bsp/\libhal_bsp.a(alt_tick.o)
 .debug_abbrev  0x00002534       0x3f ../uart_rcv_bsp/\libhal_bsp.a(altera_nios2_qsys_irq.o)
 .debug_abbrev  0x00002573       0xb2 ../uart_rcv_bsp/\libhal_bsp.a(altera_avalon_spi.o)
 .debug_abbrev  0x00002625       0x12 ../uart_rcv_bsp/\libhal_bsp.a(alt_exception_entry.o)
 .debug_abbrev  0x00002637       0xed ../uart_rcv_bsp/\libhal_bsp.a(alt_find_dev.o)
 .debug_abbrev  0x00002724       0xed ../uart_rcv_bsp/\libhal_bsp.a(alt_find_file.o)
 .debug_abbrev  0x00002811      0x117 ../uart_rcv_bsp/\libhal_bsp.a(alt_get_fd.o)
 .debug_abbrev  0x00002928       0xb7 d:/software/altera/12.1/nios2eds/bin/gnu/h-i686-mingw32/bin/../lib/gcc/nios2-elf/4.1.2/../../../../nios2-elf/lib\libc.a(lib_a-atexit.o)
 .debug_abbrev  0x000029df      0x16e d:/software/altera/12.1/nios2eds/bin/gnu/h-i686-mingw32/bin/../lib/gcc/nios2-elf/4.1.2/../../../../nios2-elf/lib\libc.a(lib_a-exit.o)
 .debug_abbrev  0x00002b4d      0x157 d:/software/altera/12.1/nios2eds/bin/gnu/h-i686-mingw32/bin/../lib/gcc/nios2-elf/4.1.2/../../../../nios2-elf/lib\libc.a(lib_a-impure.o)
 .debug_abbrev  0x00002ca4       0x3b d:/software/altera/12.1/nios2eds/bin/gnu/h-i686-mingw32/bin/../lib/gcc/nios2-elf/4.1.2/../../../../nios2-elf/lib\libc.a(lib_a-int_errno.o)
 .debug_abbrev  0x00002cdf       0x7c d:/software/altera/12.1/nios2eds/bin/gnu/h-i686-mingw32/bin/../lib/gcc/nios2-elf/4.1.2/../../../../nios2-elf/lib\libc.a(lib_a-memcmp.o)
 .debug_abbrev  0x00002d5b       0xb5 d:/software/altera/12.1/nios2eds/bin/gnu/h-i686-mingw32/bin/../lib/gcc/nios2-elf/4.1.2/../../../../nios2-elf/lib\libc.a(lib_a-memcpy.o)
 .debug_abbrev  0x00002e10       0x8b d:/software/altera/12.1/nios2eds/bin/gnu/h-i686-mingw32/bin/../lib/gcc/nios2-elf/4.1.2/../../../../nios2-elf/lib\libc.a(lib_a-strlen.o)
 .debug_abbrev  0x00002e9b      0x1ae d:/software/altera/12.1/nios2eds/bin/gnu/h-i686-mingw32/bin/../lib/gcc/nios2-elf/4.1.2/../../../../nios2-elf/lib\libc.a(lib_a-__atexit.o)
 .debug_abbrev  0x00003049      0x1de d:/software/altera/12.1/nios2eds/bin/gnu/h-i686-mingw32/bin/../lib/gcc/nios2-elf/4.1.2/../../../../nios2-elf/lib\libc.a(lib_a-__call_atexit.o)
 .debug_abbrev  0x00003227       0x9f ../uart_rcv_bsp/\libhal_bsp.a(alt_exit.o)

.debug_line     0x00000000     0x7ed9
 *(.debug_line)
 .debug_line    0x00000000       0x57 ../uart_rcv_bsp//obj/HAL/src/crt0.o
 .debug_line    0x00000057      0x44c obj/default/uart_rcv.o
 .debug_line    0x000004a3      0x29e ../uart_rcv_bsp/\libhal_bsp.a(alt_irq_register.o)
 .debug_line    0x00000741       0x72 ../uart_rcv_bsp/\libhal_bsp.a(alt_irq_vars.o)
 .debug_line    0x000007b3      0x2e6 ../uart_rcv_bsp/\libhal_bsp.a(alt_main.o)
 .debug_line    0x00000a99      0x377 ../uart_rcv_bsp/\libhal_bsp.a(alt_sys_init.o)
 .debug_line    0x00000e10      0x6d1 ../uart_rcv_bsp/\libhal_bsp.a(altera_avalon_epcs_flash_controller.o)
 .debug_line    0x000014e1      0x223 ../uart_rcv_bsp/\libhal_bsp.a(altera_avalon_jtag_uart_fd.o)
 .debug_line    0x00001704      0x4c4 ../uart_rcv_bsp/\libhal_bsp.a(altera_avalon_jtag_uart_init.o)
 .debug_line    0x00001bc8      0x303 ../uart_rcv_bsp/\libhal_bsp.a(altera_avalon_jtag_uart_ioctl.o)
 .debug_line    0x00001ecb      0x414 ../uart_rcv_bsp/\libhal_bsp.a(altera_avalon_jtag_uart_read.o)
 .debug_line    0x000022df      0x412 ../uart_rcv_bsp/\libhal_bsp.a(altera_avalon_jtag_uart_write.o)
 .debug_line    0x000026f1      0x1dc ../uart_rcv_bsp/\libhal_bsp.a(altera_avalon_uart_fd.o)
 .debug_line    0x000028cd      0x47b ../uart_rcv_bsp/\libhal_bsp.a(altera_avalon_uart_init.o)
 .debug_line    0x00002d48      0x43a ../uart_rcv_bsp/\libhal_bsp.a(altera_avalon_uart_read.o)
 .debug_line    0x00003182      0x3ed ../uart_rcv_bsp/\libhal_bsp.a(altera_avalon_uart_write.o)
 .debug_line    0x0000356f      0x520 ../uart_rcv_bsp/\libhal_bsp.a(epcs_commands.o)
 .debug_line    0x00003a8f      0x2ae ../uart_rcv_bsp/\libhal_bsp.a(alt_alarm_start.o)
 .debug_line    0x00003d3d      0x2bd ../uart_rcv_bsp/\libhal_bsp.a(alt_close.o)
 .debug_line    0x00003ffa      0x258 ../uart_rcv_bsp/\libhal_bsp.a(alt_dev.o)
 .debug_line    0x00004252      0x268 ../uart_rcv_bsp/\libhal_bsp.a(alt_dev_llist_insert.o)
 .debug_line    0x000044ba       0x8b ../uart_rcv_bsp/\libhal_bsp.a(alt_do_ctors.o)
 .debug_line    0x00004545       0x8b ../uart_rcv_bsp/\libhal_bsp.a(alt_do_dtors.o)
 .debug_line    0x000045d0      0x1b6 ../uart_rcv_bsp/\libhal_bsp.a(alt_errno.o)
 .debug_line    0x00004786      0x29e ../uart_rcv_bsp/\libhal_bsp.a(alt_flash_dev.o)
 .debug_line    0x00004a24      0x28b ../uart_rcv_bsp/\libhal_bsp.a(alt_iic.o)
 .debug_line    0x00004caf      0x245 ../uart_rcv_bsp/\libhal_bsp.a(alt_iic_isr_register.o)
 .debug_line    0x00004ef4      0x330 ../uart_rcv_bsp/\libhal_bsp.a(alt_io_redirect.o)
 .debug_line    0x00005224       0x6b ../uart_rcv_bsp/\libhal_bsp.a(alt_irq_entry.o)
 .debug_line    0x0000528f      0x22b ../uart_rcv_bsp/\libhal_bsp.a(alt_irq_handler.o)
 .debug_line    0x000054ba      0x2fb ../uart_rcv_bsp/\libhal_bsp.a(alt_open.o)
 .debug_line    0x000057b5       0xfd ../uart_rcv_bsp/\libhal_bsp.a(alt_release_fd.o)
 .debug_line    0x000058b2      0x2fe ../uart_rcv_bsp/\libhal_bsp.a(alt_tick.o)
 .debug_line    0x00005bb0      0x1da ../uart_rcv_bsp/\libhal_bsp.a(altera_nios2_qsys_irq.o)
 .debug_line    0x00005d8a      0x1e2 ../uart_rcv_bsp/\libhal_bsp.a(altera_avalon_spi.o)
 .debug_line    0x00005f6c       0xab ../uart_rcv_bsp/\libhal_bsp.a(alt_exception_entry.o)
 .debug_line    0x00006017      0x26d ../uart_rcv_bsp/\libhal_bsp.a(alt_find_dev.o)
 .debug_line    0x00006284      0x298 ../uart_rcv_bsp/\libhal_bsp.a(alt_find_file.o)
 .debug_line    0x0000651c      0x29b ../uart_rcv_bsp/\libhal_bsp.a(alt_get_fd.o)
 .debug_line    0x000067b7      0x1fa d:/software/altera/12.1/nios2eds/bin/gnu/h-i686-mingw32/bin/../lib/gcc/nios2-elf/4.1.2/../../../../nios2-elf/lib\libc.a(lib_a-atexit.o)
 .debug_line    0x000069b1      0x232 d:/software/altera/12.1/nios2eds/bin/gnu/h-i686-mingw32/bin/../lib/gcc/nios2-elf/4.1.2/../../../../nios2-elf/lib\libc.a(lib_a-exit.o)
 .debug_line    0x00006be3      0x224 d:/software/altera/12.1/nios2eds/bin/gnu/h-i686-mingw32/bin/../lib/gcc/nios2-elf/4.1.2/../../../../nios2-elf/lib\libc.a(lib_a-impure.o)
 .debug_line    0x00006e07      0x1d9 d:/software/altera/12.1/nios2eds/bin/gnu/h-i686-mingw32/bin/../lib/gcc/nios2-elf/4.1.2/../../../../nios2-elf/lib\libc.a(lib_a-int_errno.o)
 .debug_line    0x00006fe0      0x296 d:/software/altera/12.1/nios2eds/bin/gnu/h-i686-mingw32/bin/../lib/gcc/nios2-elf/4.1.2/../../../../nios2-elf/lib\libc.a(lib_a-memcmp.o)
 .debug_line    0x00007276      0x1a9 d:/software/altera/12.1/nios2eds/bin/gnu/h-i686-mingw32/bin/../lib/gcc/nios2-elf/4.1.2/../../../../nios2-elf/lib\libc.a(lib_a-memcpy.o)
 .debug_line    0x0000741f      0x264 d:/software/altera/12.1/nios2eds/bin/gnu/h-i686-mingw32/bin/../lib/gcc/nios2-elf/4.1.2/../../../../nios2-elf/lib\libc.a(lib_a-strlen.o)
 .debug_line    0x00007683      0x30d d:/software/altera/12.1/nios2eds/bin/gnu/h-i686-mingw32/bin/../lib/gcc/nios2-elf/4.1.2/../../../../nios2-elf/lib\libc.a(lib_a-__atexit.o)
 .debug_line    0x00007990      0x361 d:/software/altera/12.1/nios2eds/bin/gnu/h-i686-mingw32/bin/../lib/gcc/nios2-elf/4.1.2/../../../../nios2-elf/lib\libc.a(lib_a-__call_atexit.o)
 .debug_line    0x00007cf1      0x1e8 ../uart_rcv_bsp/\libhal_bsp.a(alt_exit.o)

.debug_frame    0x00000000      0x9e0
 *(.debug_frame)
 .debug_frame   0x00000000       0x58 obj/default/uart_rcv.o
 .debug_frame   0x00000058       0x20 ../uart_rcv_bsp/\libhal_bsp.a(alt_irq_register.o)
 .debug_frame   0x00000078       0x28 ../uart_rcv_bsp/\libhal_bsp.a(alt_main.o)
 .debug_frame   0x000000a0       0x50 ../uart_rcv_bsp/\libhal_bsp.a(alt_sys_init.o)
 .debug_frame   0x000000f0       0xd8 ../uart_rcv_bsp/\libhal_bsp.a(altera_avalon_epcs_flash_controller.o)
 .debug_frame   0x000001c8       0x50 ../uart_rcv_bsp/\libhal_bsp.a(altera_avalon_jtag_uart_fd.o)
 .debug_frame   0x00000218       0x5c ../uart_rcv_bsp/\libhal_bsp.a(altera_avalon_jtag_uart_init.o)
 .debug_frame   0x00000274       0x20 ../uart_rcv_bsp/\libhal_bsp.a(altera_avalon_jtag_uart_ioctl.o)
 .debug_frame   0x00000294       0x3c ../uart_rcv_bsp/\libhal_bsp.a(altera_avalon_jtag_uart_read.o)
 .debug_frame   0x000002d0       0x38 ../uart_rcv_bsp/\libhal_bsp.a(altera_avalon_jtag_uart_write.o)
 .debug_frame   0x00000308       0x40 ../uart_rcv_bsp/\libhal_bsp.a(altera_avalon_uart_fd.o)
 .debug_frame   0x00000348       0x48 ../uart_rcv_bsp/\libhal_bsp.a(altera_avalon_uart_init.o)
 .debug_frame   0x00000390       0x2c ../uart_rcv_bsp/\libhal_bsp.a(altera_avalon_uart_read.o)
 .debug_frame   0x000003bc       0x30 ../uart_rcv_bsp/\libhal_bsp.a(altera_avalon_uart_write.o)
 .debug_frame   0x000003ec      0x138 ../uart_rcv_bsp/\libhal_bsp.a(epcs_commands.o)
 .debug_frame   0x00000524       0x20 ../uart_rcv_bsp/\libhal_bsp.a(alt_alarm_start.o)
 .debug_frame   0x00000544       0x3c ../uart_rcv_bsp/\libhal_bsp.a(alt_close.o)
 .debug_frame   0x00000580       0x20 ../uart_rcv_bsp/\libhal_bsp.a(alt_dev.o)
 .debug_frame   0x000005a0       0x28 ../uart_rcv_bsp/\libhal_bsp.a(alt_dev_llist_insert.o)
 .debug_frame   0x000005c8       0x2c ../uart_rcv_bsp/\libhal_bsp.a(alt_do_ctors.o)
 .debug_frame   0x000005f4       0x2c ../uart_rcv_bsp/\libhal_bsp.a(alt_do_dtors.o)
 .debug_frame   0x00000620       0x38 ../uart_rcv_bsp/\libhal_bsp.a(alt_flash_dev.o)
 .debug_frame   0x00000658       0x50 ../uart_rcv_bsp/\libhal_bsp.a(alt_iic.o)
 .debug_frame   0x000006a8       0x28 ../uart_rcv_bsp/\libhal_bsp.a(alt_iic_isr_register.o)
 .debug_frame   0x000006d0       0x50 ../uart_rcv_bsp/\libhal_bsp.a(alt_io_redirect.o)
 .debug_frame   0x00000720       0x28 ../uart_rcv_bsp/\libhal_bsp.a(alt_irq_handler.o)
 .debug_frame   0x00000748       0x34 ../uart_rcv_bsp/\libhal_bsp.a(alt_open.o)
 .debug_frame   0x0000077c       0x20 ../uart_rcv_bsp/\libhal_bsp.a(alt_release_fd.o)
 .debug_frame   0x0000079c       0x3c ../uart_rcv_bsp/\libhal_bsp.a(alt_tick.o)
 .debug_frame   0x000007d8       0x20 ../uart_rcv_bsp/\libhal_bsp.a(altera_nios2_qsys_irq.o)
 .debug_frame   0x000007f8       0x20 ../uart_rcv_bsp/\libhal_bsp.a(altera_avalon_spi.o)
 .debug_frame   0x00000818       0x30 ../uart_rcv_bsp/\libhal_bsp.a(alt_find_dev.o)
 .debug_frame   0x00000848       0x30 ../uart_rcv_bsp/\libhal_bsp.a(alt_find_file.o)
 .debug_frame   0x00000878       0x20 ../uart_rcv_bsp/\libhal_bsp.a(alt_get_fd.o)
 .debug_frame   0x00000898       0x20 d:/software/altera/12.1/nios2eds/bin/gnu/h-i686-mingw32/bin/../lib/gcc/nios2-elf/4.1.2/../../../../nios2-elf/lib\libc.a(lib_a-atexit.o)
 .debug_frame   0x000008b8       0x28 d:/software/altera/12.1/nios2eds/bin/gnu/h-i686-mingw32/bin/../lib/gcc/nios2-elf/4.1.2/../../../../nios2-elf/lib\libc.a(lib_a-exit.o)
 .debug_frame   0x000008e0       0x20 d:/software/altera/12.1/nios2eds/bin/gnu/h-i686-mingw32/bin/../lib/gcc/nios2-elf/4.1.2/../../../../nios2-elf/lib\libc.a(lib_a-memcmp.o)
 .debug_frame   0x00000900       0x20 d:/software/altera/12.1/nios2eds/bin/gnu/h-i686-mingw32/bin/../lib/gcc/nios2-elf/4.1.2/../../../../nios2-elf/lib\libc.a(lib_a-memcpy.o)
 .debug_frame   0x00000920       0x20 d:/software/altera/12.1/nios2eds/bin/gnu/h-i686-mingw32/bin/../lib/gcc/nios2-elf/4.1.2/../../../../nios2-elf/lib\libc.a(lib_a-strlen.o)
 .debug_frame   0x00000940       0x34 d:/software/altera/12.1/nios2eds/bin/gnu/h-i686-mingw32/bin/../lib/gcc/nios2-elf/4.1.2/../../../../nios2-elf/lib\libc.a(lib_a-__atexit.o)
 .debug_frame   0x00000974       0x4c d:/software/altera/12.1/nios2eds/bin/gnu/h-i686-mingw32/bin/../lib/gcc/nios2-elf/4.1.2/../../../../nios2-elf/lib\libc.a(lib_a-__call_atexit.o)
 .debug_frame   0x000009c0       0x20 ../uart_rcv_bsp/\libhal_bsp.a(alt_exit.o)

.debug_str      0x00000000     0x1bf7
 *(.debug_str)
 .debug_str     0x00000000      0x15e obj/default/uart_rcv.o
                                0x1ae (size before relaxing)
 .debug_str     0x0000015e      0x113 ../uart_rcv_bsp/\libhal_bsp.a(alt_irq_register.o)
                                0x1c0 (size before relaxing)
 .debug_str     0x00000271       0x17 ../uart_rcv_bsp/\libhal_bsp.a(alt_irq_vars.o)
                                0x107 (size before relaxing)
 .debug_str     0x00000288       0x70 ../uart_rcv_bsp/\libhal_bsp.a(alt_main.o)
                                0x155 (size before relaxing)
 .debug_str     0x000002f8      0x37c ../uart_rcv_bsp/\libhal_bsp.a(alt_sys_init.o)
                                0x530 (size before relaxing)
 .debug_str     0x00000674      0x220 ../uart_rcv_bsp/\libhal_bsp.a(altera_avalon_epcs_flash_controller.o)
                                0x4f1 (size before relaxing)
 .debug_str     0x00000894       0xb2 ../uart_rcv_bsp/\libhal_bsp.a(altera_avalon_jtag_uart_fd.o)
                                0x35c (size before relaxing)
 .debug_str     0x00000946       0xd1 ../uart_rcv_bsp/\libhal_bsp.a(altera_avalon_jtag_uart_init.o)
                                0x2f0 (size before relaxing)
 .debug_str     0x00000a17       0x4a ../uart_rcv_bsp/\libhal_bsp.a(altera_avalon_jtag_uart_ioctl.o)
                                0x24b (size before relaxing)
 .debug_str     0x00000a61       0x48 ../uart_rcv_bsp/\libhal_bsp.a(altera_avalon_jtag_uart_read.o)
                                0x2a0 (size before relaxing)
 .debug_str     0x00000aa9       0x4a ../uart_rcv_bsp/\libhal_bsp.a(altera_avalon_jtag_uart_write.o)
                                0x2a1 (size before relaxing)
 .debug_str     0x00000af3       0x77 ../uart_rcv_bsp/\libhal_bsp.a(altera_avalon_uart_fd.o)
                                0x2a0 (size before relaxing)
 .debug_str     0x00000b6a       0xaa ../uart_rcv_bsp/\libhal_bsp.a(altera_avalon_uart_init.o)
                                0x26f (size before relaxing)
 .debug_str     0x00000c14       0x5d ../uart_rcv_bsp/\libhal_bsp.a(altera_avalon_uart_read.o)
                                0x250 (size before relaxing)
 .debug_str     0x00000c71       0x49 ../uart_rcv_bsp/\libhal_bsp.a(altera_avalon_uart_write.o)
                                0x244 (size before relaxing)
 .debug_str     0x00000cba      0x171 ../uart_rcv_bsp/\libhal_bsp.a(epcs_commands.o)
                                0x28a (size before relaxing)
 .debug_str     0x00000e2b       0x5f ../uart_rcv_bsp/\libhal_bsp.a(alt_alarm_start.o)
                                0x236 (size before relaxing)
 .debug_str     0x00000e8a       0x2c ../uart_rcv_bsp/\libhal_bsp.a(alt_close.o)
                                0x1c3 (size before relaxing)
 .debug_str     0x00000eb6      0x119 ../uart_rcv_bsp/\libhal_bsp.a(alt_dev.o)
                                0x2bd (size before relaxing)
 .debug_str     0x00000fcf       0x42 ../uart_rcv_bsp/\libhal_bsp.a(alt_dev_llist_insert.o)
                                0x184 (size before relaxing)
 .debug_str     0x00001011       0x48 ../uart_rcv_bsp/\libhal_bsp.a(alt_do_ctors.o)
                                 0x9d (size before relaxing)
 .debug_str     0x00001059       0x4c ../uart_rcv_bsp/\libhal_bsp.a(alt_do_dtors.o)
                                 0x9c (size before relaxing)
 .debug_str     0x000010a5       0x14 ../uart_rcv_bsp/\libhal_bsp.a(alt_errno.o)
                                 0xfd (size before relaxing)
 .debug_str     0x000010b9       0x3f ../uart_rcv_bsp/\libhal_bsp.a(alt_flash_dev.o)
                                0x2a7 (size before relaxing)
 .debug_str     0x000010f8       0x70 ../uart_rcv_bsp/\libhal_bsp.a(alt_iic.o)
                                0x1f6 (size before relaxing)
 .debug_str     0x00001168       0x34 ../uart_rcv_bsp/\libhal_bsp.a(alt_iic_isr_register.o)
                                0x1a0 (size before relaxing)
 .debug_str     0x0000119c       0x56 ../uart_rcv_bsp/\libhal_bsp.a(alt_io_redirect.o)
                                0x2ce (size before relaxing)
 .debug_str     0x000011f2       0x3a ../uart_rcv_bsp/\libhal_bsp.a(alt_irq_handler.o)
                                0x14f (size before relaxing)
 .debug_str     0x0000122c       0x29 ../uart_rcv_bsp/\libhal_bsp.a(alt_open.o)
                                0x203 (size before relaxing)
 .debug_str     0x00001255       0x28 ../uart_rcv_bsp/\libhal_bsp.a(alt_release_fd.o)
                                0x1a0 (size before relaxing)
 .debug_str     0x0000127d       0x4a ../uart_rcv_bsp/\libhal_bsp.a(alt_tick.o)
                                0x20a (size before relaxing)
 .debug_str     0x000012c7       0x3b ../uart_rcv_bsp/\libhal_bsp.a(altera_nios2_qsys_irq.o)
                                0x114 (size before relaxing)
 .debug_str     0x00001302       0xa5 ../uart_rcv_bsp/\libhal_bsp.a(altera_avalon_spi.o)
                                0x194 (size before relaxing)
 .debug_str     0x000013a7       0x24 ../uart_rcv_bsp/\libhal_bsp.a(alt_find_dev.o)
                                0x1a4 (size before relaxing)
 .debug_str     0x000013cb       0x26 ../uart_rcv_bsp/\libhal_bsp.a(alt_find_file.o)
                                0x1b2 (size before relaxing)
 .debug_str     0x000013f1       0x30 ../uart_rcv_bsp/\libhal_bsp.a(alt_get_fd.o)
                                0x1d4 (size before relaxing)
 .debug_str     0x00001421      0x11a d:/software/altera/12.1/nios2eds/bin/gnu/h-i686-mingw32/bin/../lib/gcc/nios2-elf/4.1.2/../../../../nios2-elf/lib\libc.a(lib_a-atexit.o)
                                0x1bc (size before relaxing)
 .debug_str     0x0000153b      0x33a d:/software/altera/12.1/nios2eds/bin/gnu/h-i686-mingw32/bin/../lib/gcc/nios2-elf/4.1.2/../../../../nios2-elf/lib\libc.a(lib_a-exit.o)
                                0x509 (size before relaxing)
 .debug_str     0x00001875       0xce d:/software/altera/12.1/nios2eds/bin/gnu/h-i686-mingw32/bin/../lib/gcc/nios2-elf/4.1.2/../../../../nios2-elf/lib\libc.a(lib_a-impure.o)
                                0x517 (size before relaxing)
 .debug_str     0x00001943       0x3d d:/software/altera/12.1/nios2eds/bin/gnu/h-i686-mingw32/bin/../lib/gcc/nios2-elf/4.1.2/../../../../nios2-elf/lib\libc.a(lib_a-int_errno.o)
                                0x160 (size before relaxing)
 .debug_str     0x00001980       0xc4 d:/software/altera/12.1/nios2eds/bin/gnu/h-i686-mingw32/bin/../lib/gcc/nios2-elf/4.1.2/../../../../nios2-elf/lib\libc.a(lib_a-memcmp.o)
                                0x167 (size before relaxing)
 .debug_str     0x00001a44       0x69 d:/software/altera/12.1/nios2eds/bin/gnu/h-i686-mingw32/bin/../lib/gcc/nios2-elf/4.1.2/../../../../nios2-elf/lib\libc.a(lib_a-memcpy.o)
                                0x125 (size before relaxing)
 .debug_str     0x00001aad       0x4f d:/software/altera/12.1/nios2eds/bin/gnu/h-i686-mingw32/bin/../lib/gcc/nios2-elf/4.1.2/../../../../nios2-elf/lib\libc.a(lib_a-strlen.o)
                                0x17a (size before relaxing)
 .debug_str     0x00001afc       0x56 d:/software/altera/12.1/nios2eds/bin/gnu/h-i686-mingw32/bin/../lib/gcc/nios2-elf/4.1.2/../../../../nios2-elf/lib\libc.a(lib_a-__atexit.o)
                                0x521 (size before relaxing)
 .debug_str     0x00001b52       0x7b d:/software/altera/12.1/nios2eds/bin/gnu/h-i686-mingw32/bin/../lib/gcc/nios2-elf/4.1.2/../../../../nios2-elf/lib\libc.a(lib_a-__call_atexit.o)
                                0x54b (size before relaxing)
 .debug_str     0x00001bcd       0x2a ../uart_rcv_bsp/\libhal_bsp.a(alt_exit.o)
                                0x109 (size before relaxing)

.debug_loc      0x00000000     0x22e7
 *(.debug_loc)
 .debug_loc     0x00000000       0x71 obj/default/uart_rcv.o
 .debug_loc     0x00000071       0x52 ../uart_rcv_bsp/\libhal_bsp.a(alt_irq_register.o)
 .debug_loc     0x000000c3       0x1f ../uart_rcv_bsp/\libhal_bsp.a(alt_main.o)
 .debug_loc     0x000000e2       0x64 ../uart_rcv_bsp/\libhal_bsp.a(alt_sys_init.o)
 .debug_loc     0x00000146      0x502 ../uart_rcv_bsp/\libhal_bsp.a(altera_avalon_epcs_flash_controller.o)
 .debug_loc     0x00000648       0xbe ../uart_rcv_bsp/\libhal_bsp.a(altera_avalon_jtag_uart_fd.o)
 .debug_loc     0x00000706      0x138 ../uart_rcv_bsp/\libhal_bsp.a(altera_avalon_jtag_uart_init.o)
 .debug_loc     0x0000083e       0x7b ../uart_rcv_bsp/\libhal_bsp.a(altera_avalon_jtag_uart_ioctl.o)
 .debug_loc     0x000008b9      0x1b4 ../uart_rcv_bsp/\libhal_bsp.a(altera_avalon_jtag_uart_read.o)
 .debug_loc     0x00000a6d      0x167 ../uart_rcv_bsp/\libhal_bsp.a(altera_avalon_jtag_uart_write.o)
 .debug_loc     0x00000bd4       0x85 ../uart_rcv_bsp/\libhal_bsp.a(altera_avalon_uart_fd.o)
 .debug_loc     0x00000c59       0xf9 ../uart_rcv_bsp/\libhal_bsp.a(altera_avalon_uart_init.o)
 .debug_loc     0x00000d52       0xff ../uart_rcv_bsp/\libhal_bsp.a(altera_avalon_uart_read.o)
 .debug_loc     0x00000e51      0x104 ../uart_rcv_bsp/\libhal_bsp.a(altera_avalon_uart_write.o)
 .debug_loc     0x00000f55      0x405 ../uart_rcv_bsp/\libhal_bsp.a(epcs_commands.o)
 .debug_loc     0x0000135a       0x31 ../uart_rcv_bsp/\libhal_bsp.a(alt_alarm_start.o)
 .debug_loc     0x0000138b       0xbb ../uart_rcv_bsp/\libhal_bsp.a(alt_close.o)
 .debug_loc     0x00001446       0x5b ../uart_rcv_bsp/\libhal_bsp.a(alt_dev_llist_insert.o)
 .debug_loc     0x000014a1       0x32 ../uart_rcv_bsp/\libhal_bsp.a(alt_do_ctors.o)
 .debug_loc     0x000014d3       0x32 ../uart_rcv_bsp/\libhal_bsp.a(alt_do_dtors.o)
 .debug_loc     0x00001505       0xb0 ../uart_rcv_bsp/\libhal_bsp.a(alt_flash_dev.o)
 .debug_loc     0x000015b5       0x72 ../uart_rcv_bsp/\libhal_bsp.a(alt_iic.o)
 .debug_loc     0x00001627       0xf4 ../uart_rcv_bsp/\libhal_bsp.a(alt_iic_isr_register.o)
 .debug_loc     0x0000171b      0x144 ../uart_rcv_bsp/\libhal_bsp.a(alt_io_redirect.o)
 .debug_loc     0x0000185f       0x5b ../uart_rcv_bsp/\libhal_bsp.a(alt_irq_handler.o)
 .debug_loc     0x000018ba      0x1fe ../uart_rcv_bsp/\libhal_bsp.a(alt_open.o)
 .debug_loc     0x00001ab8       0x71 ../uart_rcv_bsp/\libhal_bsp.a(alt_tick.o)
 .debug_loc     0x00001b29       0xac ../uart_rcv_bsp/\libhal_bsp.a(altera_avalon_spi.o)
 .debug_loc     0x00001bd5       0xef ../uart_rcv_bsp/\libhal_bsp.a(alt_find_dev.o)
 .debug_loc     0x00001cc4       0x9a ../uart_rcv_bsp/\libhal_bsp.a(alt_find_file.o)
 .debug_loc     0x00001d5e       0x29 ../uart_rcv_bsp/\libhal_bsp.a(alt_get_fd.o)
 .debug_loc     0x00001d87       0x1e d:/software/altera/12.1/nios2eds/bin/gnu/h-i686-mingw32/bin/../lib/gcc/nios2-elf/4.1.2/../../../../nios2-elf/lib\libc.a(lib_a-atexit.o)
 .debug_loc     0x00001da5       0x3d d:/software/altera/12.1/nios2eds/bin/gnu/h-i686-mingw32/bin/../lib/gcc/nios2-elf/4.1.2/../../../../nios2-elf/lib\libc.a(lib_a-exit.o)
 .debug_loc     0x00001de2      0x114 d:/software/altera/12.1/nios2eds/bin/gnu/h-i686-mingw32/bin/../lib/gcc/nios2-elf/4.1.2/../../../../nios2-elf/lib\libc.a(lib_a-memcmp.o)
 .debug_loc     0x00001ef6       0xca d:/software/altera/12.1/nios2eds/bin/gnu/h-i686-mingw32/bin/../lib/gcc/nios2-elf/4.1.2/../../../../nios2-elf/lib\libc.a(lib_a-memcpy.o)
 .debug_loc     0x00001fc0       0x3c d:/software/altera/12.1/nios2eds/bin/gnu/h-i686-mingw32/bin/../lib/gcc/nios2-elf/4.1.2/../../../../nios2-elf/lib\libc.a(lib_a-strlen.o)
 .debug_loc     0x00001ffc      0x120 d:/software/altera/12.1/nios2eds/bin/gnu/h-i686-mingw32/bin/../lib/gcc/nios2-elf/4.1.2/../../../../nios2-elf/lib\libc.a(lib_a-__atexit.o)
 .debug_loc     0x0000211c      0x1cb d:/software/altera/12.1/nios2eds/bin/gnu/h-i686-mingw32/bin/../lib/gcc/nios2-elf/4.1.2/../../../../nios2-elf/lib\libc.a(lib_a-__call_atexit.o)

.debug_macinfo
 *(.debug_macinfo)

.debug_weaknames
 *(.debug_weaknames)

.debug_funcnames
 *(.debug_funcnames)

.debug_typenames
 *(.debug_typenames)

.debug_varnames
 *(.debug_varnames)

.debug_alt_sim_info
                0x00000000       0x20
 *(.debug_alt_sim_info)
 .debug_alt_sim_info
                0x00000000       0x20 ../uart_rcv_bsp//obj/HAL/src/crt0.o
                0x00034000                __alt_data_end = 0x34000
                0x00034000                PROVIDE (__alt_stack_pointer, __alt_data_end)
                0x00024380                PROVIDE (__alt_stack_limit, __alt_stack_base)
                0x00024380                PROVIDE (__alt_heap_start, end)
                0x00034000                PROVIDE (__alt_heap_limit, 0x34000)
OUTPUT(uart_rcv.elf elf32-littlenios2)

.debug_ranges   0x00000000      0x268
 .debug_ranges  0x00000000       0xd0 ../uart_rcv_bsp/\libhal_bsp.a(altera_avalon_epcs_flash_controller.o)
 .debug_ranges  0x000000d0       0x18 ../uart_rcv_bsp/\libhal_bsp.a(altera_avalon_jtag_uart_read.o)
 .debug_ranges  0x000000e8       0x48 ../uart_rcv_bsp/\libhal_bsp.a(altera_avalon_jtag_uart_write.o)
 .debug_ranges  0x00000130       0x20 ../uart_rcv_bsp/\libhal_bsp.a(altera_avalon_uart_init.o)
 .debug_ranges  0x00000150       0x48 ../uart_rcv_bsp/\libhal_bsp.a(altera_avalon_uart_read.o)
 .debug_ranges  0x00000198       0x18 ../uart_rcv_bsp/\libhal_bsp.a(alt_dev_llist_insert.o)
 .debug_ranges  0x000001b0       0x28 ../uart_rcv_bsp/\libhal_bsp.a(alt_irq_entry.o)
 .debug_ranges  0x000001d8       0x18 ../uart_rcv_bsp/\libhal_bsp.a(alt_irq_handler.o)
 .debug_ranges  0x000001f0       0x30 ../uart_rcv_bsp/\libhal_bsp.a(alt_open.o)
 .debug_ranges  0x00000220       0x30 ../uart_rcv_bsp/\libhal_bsp.a(alt_exception_entry.o)
 .debug_ranges  0x00000250       0x18 d:/software/altera/12.1/nios2eds/bin/gnu/h-i686-mingw32/bin/../lib/gcc/nios2-elf/4.1.2/../../../../nios2-elf/lib\libc.a(lib_a-__call_atexit.o)
